TAP version 13
ok 1 - Tests\Unit\Components\Html\AnchorTest::testInstantiation with data set #0 ('This is a test', 'test', array(), array())
ok 2 - Tests\Unit\Components\Html\AnchorTest::testInvalidInstantiation with data set #0 (null, null, 'test', array())
ok 3 - Tests\Unit\Components\Html\AnchorTest::testInvalidInstantiation with data set #1 (null, null, 1, array())
ok 4 - Tests\Unit\Components\Html\AnchorTest::testInvalidInstantiation with data set #2 (null, null, true, array())
ok 5 - Tests\Unit\Components\Html\AnchorTest::testInvalidInstantiation with data set #3 (null, null, array(), 'test')
ok 6 - Tests\Unit\Components\Html\AnchorTest::testInvalidInstantiation with data set #4 (null, null, array(), 1)
ok 7 - Tests\Unit\Components\Html\AnchorTest::testInvalidInstantiation with data set #5 (null, null, array(), false)
ok 8 - Tests\Unit\Components\Html\AnchorTest::testSetContent
ok 9 - Tests\Unit\Components\Html\AnchorTest::testSetId
ok 10 - Tests\Unit\Components\Html\AnchorTest::testSetElements with data set #0 (array('Test'), array('Test'))
ok 11 - Tests\Unit\Components\Html\AnchorTest::testSetElements with data set #1 (array(array('object', 'Head')), array())
ok 12 - Tests\Unit\Components\Html\AnchorTest::testSetElements with data set #2 (array('Test', array('object', 'Head')), array('Test'))
ok 13 - Tests\Unit\Components\Html\AnchorTest::testGetElements with data set #0 (array('Test'), array('Test'))
ok 14 - Tests\Unit\Components\Html\AnchorTest::testGetElements with data set #1 (array(array('object', 'Head')), array())
ok 15 - Tests\Unit\Components\Html\AnchorTest::testGetElements with data set #2 (array('Test', array('object', 'Head')), array('Test'))
ok 16 - Tests\Unit\Components\Html\AnchorTest::testAddElements with data set #0 (1, true)
ok 17 - Tests\Unit\Components\Html\AnchorTest::testAddElements with data set #1 ('Test', true)
ok 18 - Tests\Unit\Components\Html\AnchorTest::testAddElements with data set #2 ('Anchor', false)
ok 19 - Tests\Unit\Components\Html\AnchorTest::testAddElements with data set #3 ('Article', false)
ok 20 - Tests\Unit\Components\Html\AnchorTest::testAddElements with data set #4 ('Body', false)
ok 21 - Tests\Unit\Components\Html\AnchorTest::testAddElements with data set #5 ('Div', true)
ok 22 - Tests\Unit\Components\Html\AnchorTest::testAddElements with data set #6 ('Fieldset', false)
ok 23 - Tests\Unit\Components\Html\AnchorTest::testAddElements with data set #7 ('Footer', false)
ok 24 - Tests\Unit\Components\Html\AnchorTest::testAddElements with data set #8 ('Form', false)
ok 25 - Tests\Unit\Components\Html\AnchorTest::testAddElements with data set #9 ('Button', false)
ok 26 - Tests\Unit\Components\Html\AnchorTest::testAddElements with data set #10 ('Head', false)
ok 27 - Tests\Unit\Components\Html\AnchorTest::testAddElements with data set #11 ('Header', false)
ok 28 - Tests\Unit\Components\Html\AnchorTest::testAddElements with data set #12 ('Heading', true, array(1))
ok 29 - Tests\Unit\Components\Html\AnchorTest::testAddElements with data set #13 ('HorizontalRule', false)
ok 30 - Tests\Unit\Components\Html\AnchorTest::testAddElements with data set #14 ('Image', true)
ok 31 - Tests\Unit\Components\Html\AnchorTest::testAddElements with data set #15 ('Input', false)
ok 32 - Tests\Unit\Components\Html\AnchorTest::testAddElements with data set #16 ('Link', false)
ok 33 - Tests\Unit\Components\Html\AnchorTest::testAddElements with data set #17 ('ListItem', false)
ok 34 - Tests\Unit\Components\Html\AnchorTest::testAddElements with data set #18 ('Meta', false)
ok 35 - Tests\Unit\Components\Html\AnchorTest::testAddElements with data set #19 ('Option', false)
ok 36 - Tests\Unit\Components\Html\AnchorTest::testAddElements with data set #20 ('OrderedList', false)
ok 37 - Tests\Unit\Components\Html\AnchorTest::testAddElements with data set #21 ('PageBreak', true)
ok 38 - Tests\Unit\Components\Html\AnchorTest::testAddElements with data set #22 ('Paragraph', false)
ok 39 - Tests\Unit\Components\Html\AnchorTest::testAddElements with data set #23 ('Script', false)
ok 40 - Tests\Unit\Components\Html\AnchorTest::testAddElements with data set #24 ('Section', false)
ok 41 - Tests\Unit\Components\Html\AnchorTest::testAddElements with data set #25 ('Select', false)
ok 42 - Tests\Unit\Components\Html\AnchorTest::testAddElements with data set #26 ('Span', true)
ok 43 - Tests\Unit\Components\Html\AnchorTest::testAddElements with data set #27 ('Style', false)
ok 44 - Tests\Unit\Components\Html\AnchorTest::testAddElements with data set #28 ('Table', false)
ok 45 - Tests\Unit\Components\Html\AnchorTest::testAddElements with data set #29 ('TableBody', false)
ok 46 - Tests\Unit\Components\Html\AnchorTest::testAddElements with data set #30 ('TableCell', false)
ok 47 - Tests\Unit\Components\Html\AnchorTest::testAddElements with data set #31 ('TableHeader', false)
ok 48 - Tests\Unit\Components\Html\AnchorTest::testAddElements with data set #32 ('TableHeading', false)
ok 49 - Tests\Unit\Components\Html\AnchorTest::testAddElements with data set #33 ('TableRow', false)
ok 50 - Tests\Unit\Components\Html\AnchorTest::testAddElements with data set #34 ('Title', false)
ok 51 - Tests\Unit\Components\Html\AnchorTest::testAddElements with data set #35 ('UnorderedList', false)
ok 52 - Tests\Unit\Components\Html\AnchorTest::testSetAttributes
ok 53 - Tests\Unit\Components\Html\AnchorTest::testGetAttributes
ok 54 - Tests\Unit\Components\Html\AnchorTest::testToString with data set #0 (null, null, array(), array('#'), 'Anchor element\n\r    Attribu...href=#')
ok 55 - Tests\Unit\Components\Html\AnchorTest::testToString with data set #1 ('Test', null, array(), array('#'), 'Anchor element\n\r    Content...href=#')
ok 56 - Tests\Unit\Components\Html\AnchorTest::testToString with data set #2 (null, 'test', array(), array('#'), 'Anchor element\n\r    ID: tes...href=#')
ok 57 - Tests\Unit\Components\Html\AnchorTest::testToString with data set #3 (null, null, array('PHPUnit is...', 'fun!'), array('#'), 'Anchor element\n\r    Element...href=#')
ok 58 - Tests\Unit\Components\Html\AnchorTest::testToString with data set #4 (null, null, array(), array('test', '#'), 'Anchor element\n\r    Attribu...href=#')
ok 59 - Tests\Unit\Components\Html\AnchorTest::testToString with data set #5 (1, null, array(), array('#'), 'Anchor element\n\r    Content...href=#')
ok 60 - Tests\Unit\Components\Html\AnchorTest::testToString with data set #6 (null, 1, array(), array('#'), 'Anchor element\n\r    ID: 1\n...href=#')
ok 61 - Tests\Unit\Components\Html\AnchorTest::testToHtml with data set #0 (null, null, array(), array('#'), '<a href="#"></a>')
ok 62 - Tests\Unit\Components\Html\AnchorTest::testToHtml with data set #1 ('Test', null, array(), array('#'), '<a href="#">Test</a>')
ok 63 - Tests\Unit\Components\Html\AnchorTest::testToHtml with data set #2 (null, 'test', array(), array('#'), '<a id="test" href="#"></a>')
ok 64 - Tests\Unit\Components\Html\AnchorTest::testToHtml with data set #3 (null, null, array('PHPUnit is...', 'fun!'), array('#'), '<a href="#">PHPUnit is...fun!</a>')
ok 65 - Tests\Unit\Components\Html\AnchorTest::testToHtml with data set #4 (null, null, array(), array('test', '#'), '<a class="test" href="#"></a>')
ok 66 - Tests\Unit\Components\Html\AnchorTest::testToHtml with data set #5 (1, null, array(), array('#'), '<a href="#">1</a>')
ok 67 - Tests\Unit\Components\Html\AnchorTest::testToHtml with data set #6 (null, 1, array(), array('#'), '<a id="1" href="#"></a>')
ok 68 - Tests\Unit\Components\Html\AnchorTest::testAddAttribute
ok 69 - Tests\Unit\Components\Html\ParagraphTest::testInstantiation with data set #0 ('This is a test', 'test', array(), array())
ok 70 - Tests\Unit\Components\Html\ParagraphTest::testInvalidInstantiation with data set #0 (null, null, 'test', array())
ok 71 - Tests\Unit\Components\Html\ParagraphTest::testInvalidInstantiation with data set #1 (null, null, 1, array())
ok 72 - Tests\Unit\Components\Html\ParagraphTest::testInvalidInstantiation with data set #2 (null, null, true, array())
ok 73 - Tests\Unit\Components\Html\ParagraphTest::testInvalidInstantiation with data set #3 (null, null, array(), 'test')
ok 74 - Tests\Unit\Components\Html\ParagraphTest::testInvalidInstantiation with data set #4 (null, null, array(), 1)
ok 75 - Tests\Unit\Components\Html\ParagraphTest::testInvalidInstantiation with data set #5 (null, null, array(), false)
ok 76 - Tests\Unit\Components\Html\ParagraphTest::testSetContent
ok 77 - Tests\Unit\Components\Html\ParagraphTest::testSetId
ok 78 - Tests\Unit\Components\Html\ParagraphTest::testSetElements with data set #0 (array('Test'), array('Test'))
ok 79 - Tests\Unit\Components\Html\ParagraphTest::testSetElements with data set #1 (array(array('object', 'Head')), array())
ok 80 - Tests\Unit\Components\Html\ParagraphTest::testSetElements with data set #2 (array('Test', array('object', 'Head')), array('Test'))
ok 81 - Tests\Unit\Components\Html\ParagraphTest::testGetElements with data set #0 (array('Test'), array('Test'))
ok 82 - Tests\Unit\Components\Html\ParagraphTest::testGetElements with data set #1 (array(array('object', 'Head')), array())
ok 83 - Tests\Unit\Components\Html\ParagraphTest::testGetElements with data set #2 (array('Test', array('object', 'Head')), array('Test'))
ok 84 - Tests\Unit\Components\Html\ParagraphTest::testAddElements with data set #0 (1, true)
ok 85 - Tests\Unit\Components\Html\ParagraphTest::testAddElements with data set #1 ('Test', true)
ok 86 - Tests\Unit\Components\Html\ParagraphTest::testAddElements with data set #2 ('Anchor', true)
ok 87 - Tests\Unit\Components\Html\ParagraphTest::testAddElements with data set #3 ('Article', false)
ok 88 - Tests\Unit\Components\Html\ParagraphTest::testAddElements with data set #4 ('Body', false)
ok 89 - Tests\Unit\Components\Html\ParagraphTest::testAddElements with data set #5 ('Div', false)
ok 90 - Tests\Unit\Components\Html\ParagraphTest::testAddElements with data set #6 ('Fieldset', false)
ok 91 - Tests\Unit\Components\Html\ParagraphTest::testAddElements with data set #7 ('Footer', false)
ok 92 - Tests\Unit\Components\Html\ParagraphTest::testAddElements with data set #8 ('Form', false)
ok 93 - Tests\Unit\Components\Html\ParagraphTest::testAddElements with data set #9 ('Button', false)
ok 94 - Tests\Unit\Components\Html\ParagraphTest::testAddElements with data set #10 ('Head', false)
ok 95 - Tests\Unit\Components\Html\ParagraphTest::testAddElements with data set #11 ('Header', false)
ok 96 - Tests\Unit\Components\Html\ParagraphTest::testAddElements with data set #12 ('Heading', false, array(1))
ok 97 - Tests\Unit\Components\Html\ParagraphTest::testAddElements with data set #13 ('HorizontalRule', false)
ok 98 - Tests\Unit\Components\Html\ParagraphTest::testAddElements with data set #14 ('Image', true)
ok 99 - Tests\Unit\Components\Html\ParagraphTest::testAddElements with data set #15 ('Input', false)
ok 100 - Tests\Unit\Components\Html\ParagraphTest::testAddElements with data set #16 ('Link', false)
ok 101 - Tests\Unit\Components\Html\ParagraphTest::testAddElements with data set #17 ('ListItem', false)
ok 102 - Tests\Unit\Components\Html\ParagraphTest::testAddElements with data set #18 ('Meta', false)
ok 103 - Tests\Unit\Components\Html\ParagraphTest::testAddElements with data set #19 ('Option', false)
ok 104 - Tests\Unit\Components\Html\ParagraphTest::testAddElements with data set #20 ('OrderedList', false)
ok 105 - Tests\Unit\Components\Html\ParagraphTest::testAddElements with data set #21 ('PageBreak', true)
ok 106 - Tests\Unit\Components\Html\ParagraphTest::testAddElements with data set #22 ('Paragraph', false)
ok 107 - Tests\Unit\Components\Html\ParagraphTest::testAddElements with data set #23 ('Script', false)
ok 108 - Tests\Unit\Components\Html\ParagraphTest::testAddElements with data set #24 ('Section', false)
ok 109 - Tests\Unit\Components\Html\ParagraphTest::testAddElements with data set #25 ('Select', false)
ok 110 - Tests\Unit\Components\Html\ParagraphTest::testAddElements with data set #26 ('Span', true)
ok 111 - Tests\Unit\Components\Html\ParagraphTest::testAddElements with data set #27 ('Style', false)
ok 112 - Tests\Unit\Components\Html\ParagraphTest::testAddElements with data set #28 ('Table', false)
ok 113 - Tests\Unit\Components\Html\ParagraphTest::testAddElements with data set #29 ('TableBody', false)
ok 114 - Tests\Unit\Components\Html\ParagraphTest::testAddElements with data set #30 ('TableCell', false)
ok 115 - Tests\Unit\Components\Html\ParagraphTest::testAddElements with data set #31 ('TableHeader', false)
ok 116 - Tests\Unit\Components\Html\ParagraphTest::testAddElements with data set #32 ('TableHeading', false)
ok 117 - Tests\Unit\Components\Html\ParagraphTest::testAddElements with data set #33 ('TableRow', false)
ok 118 - Tests\Unit\Components\Html\ParagraphTest::testAddElements with data set #34 ('Title', false)
ok 119 - Tests\Unit\Components\Html\ParagraphTest::testAddElements with data set #35 ('UnorderedList', false)
ok 120 - Tests\Unit\Components\Html\ParagraphTest::testSetAttributes
ok 121 - Tests\Unit\Components\Html\ParagraphTest::testGetAttributes
ok 122 - Tests\Unit\Components\Html\ParagraphTest::testToString with data set #0 (null, null, array(), array(), 'Paragraph element')
ok 123 - Tests\Unit\Components\Html\ParagraphTest::testToString with data set #1 ('Test', null, array(), array(), 'Paragraph element\n\r    Content: Test')
ok 124 - Tests\Unit\Components\Html\ParagraphTest::testToString with data set #2 (null, 'test', array(), array(), 'Paragraph element\n\r    ID: test')
ok 125 - Tests\Unit\Components\Html\ParagraphTest::testToString with data set #3 (null, null, array('PHPUnit is...', 'fun!'), array(), 'Paragraph element\n\r    Elem.....fun!')
ok 126 - Tests\Unit\Components\Html\ParagraphTest::testToString with data set #4 (null, null, array(), array('test'), 'Paragraph element\n\r    Attr...s=test')
ok 127 - Tests\Unit\Components\Html\ParagraphTest::testToString with data set #5 (1, null, array(), array(), 'Paragraph element\n\r    Content: 1')
ok 128 - Tests\Unit\Components\Html\ParagraphTest::testToString with data set #6 (null, 1, array(), array(), 'Paragraph element\n\r    ID: 1')
ok 129 - Tests\Unit\Components\Html\ParagraphTest::testToHtml with data set #0 (null, null, array(), array(), '<p></p>')
ok 130 - Tests\Unit\Components\Html\ParagraphTest::testToHtml with data set #1 ('Test', null, array(), array(), '<p>Test</p>')
ok 131 - Tests\Unit\Components\Html\ParagraphTest::testToHtml with data set #2 (null, 'test', array(), array(), '<p id="test"></p>')
ok 132 - Tests\Unit\Components\Html\ParagraphTest::testToHtml with data set #3 (null, null, array('PHPUnit is...', 'fun!'), array(), '<p>PHPUnit is...fun!</p>')
ok 133 - Tests\Unit\Components\Html\ParagraphTest::testToHtml with data set #4 (null, null, array(), array('test'), '<p class="test"></p>')
ok 134 - Tests\Unit\Components\Html\ParagraphTest::testToHtml with data set #5 (1, null, array(), array(), '<p>1</p>')
ok 135 - Tests\Unit\Components\Html\ParagraphTest::testToHtml with data set #6 (null, 1, array(), array(), '<p id="1"></p>')
ok 136 - Tests\Unit\Components\Html\ParagraphTest::testAddAttribute
ok 137 - N8G\Grass\BootstrapTest::testRun
ok 138 - N8G\Grass\BootstrapTest::testTearDown
ok 139 - N8G\Grass\BootstrapTest::testCheckSiteSetup
ok 140 - N8G\Grass\BootstrapTest::testErrorHandler with data set #0 (1, 1, 'ERROR', 'error', 'Error handler test!', 'tests/src/BootstrapTests.php', 1, null)
ok 141 - N8G\Grass\BootstrapTest::testErrorHandler with data set #1 (2, 2, 'WARNING', 'warn', 'Error handler test!', 'tests/src/BootstrapTests.php', 1, null)
ok 142 - N8G\Grass\BootstrapTest::testErrorHandler with data set #2 (4, 4, 'PARSE', 'fatal', 'Error handler test!', 'tests/src/BootstrapTests.php', 1, null)
ok 143 - N8G\Grass\BootstrapTest::testErrorHandler with data set #3 (8, 8, 'NOTICE', 'warn', 'Error handler test!', 'tests/src/BootstrapTests.php', 1, null)
ok 144 - N8G\Grass\BootstrapTest::testErrorHandler with data set #4 (16, 16, 'CORE ERROR', 'fatal', 'Error handler test!', 'tests/src/BootstrapTests.php', 1, null)
ok 145 - N8G\Grass\BootstrapTest::testErrorHandler with data set #5 (32, 32, 'CORE WARNING', 'warn', 'Error handler test!', 'tests/src/BootstrapTests.php', 1, null)
ok 146 - N8G\Grass\BootstrapTest::testErrorHandler with data set #6 (64, 64, 'COMPILE ERROR', 'fatal', 'Error handler test!', 'tests/src/BootstrapTests.php', 1, null)
ok 147 - N8G\Grass\BootstrapTest::testErrorHandler with data set #7 (128, 128, 'COMPILE WARNING', 'warn', 'Error handler test!', 'tests/src/BootstrapTests.php', 1, null)
ok 148 - N8G\Grass\BootstrapTest::testErrorHandler with data set #8 (256, 256, 'USER ERROR', 'error', 'Error handler test!', 'tests/src/BootstrapTests.php', 1, null)
ok 149 - N8G\Grass\BootstrapTest::testErrorHandler with data set #9 (512, 512, 'USER WARNING', 'warn', 'Error handler test!', 'tests/src/BootstrapTests.php', 1, null)
ok 150 - N8G\Grass\BootstrapTest::testErrorHandler with data set #10 (1024, 1024, 'USER NOTICE', 'warn', 'Error handler test!', 'tests/src/BootstrapTests.php', 1, null)
ok 151 - N8G\Grass\BootstrapTest::testErrorHandler with data set #11 (2048, 2048, 'STRICT', 'warn', 'Error handler test!', 'tests/src/BootstrapTests.php', 1, null)
ok 152 - N8G\Grass\BootstrapTest::testErrorHandler with data set #12 (4096, 4096, 'RECOVERABLE', 'error', 'Error handler test!', 'tests/src/BootstrapTests.php', 1, null)
ok 153 - N8G\Grass\BootstrapTest::testErrorHandler with data set #13 (8192, 8192, 'DEPRECATED', 'error', 'Error handler test!', 'tests/src/BootstrapTests.php', 1, null)
ok 154 - N8G\Grass\BootstrapTest::testErrorHandler with data set #14 (16384, 16384, 'USER DEPRECATED', 'error', 'Error handler test!', 'tests/src/BootstrapTests.php', 1, null)
ok 155 - N8G\Grass\BootstrapTest::testErrorHandler with data set #15 (0, 'default', 'UNKNOWN (0)', 'error', 'Error handler test!', 'tests/src/BootstrapTests.php', 1, null)
ok 156 - N8G\Grass\BootstrapTest::testGetMethod with data set #0 (1, 1, 'ERROR', 'error', 'Error handler test!', 'tests/src/BootstrapTests.php', 1, null)
ok 157 - N8G\Grass\BootstrapTest::testGetMethod with data set #1 (2, 2, 'WARNING', 'warn', 'Error handler test!', 'tests/src/BootstrapTests.php', 1, null)
ok 158 - N8G\Grass\BootstrapTest::testGetMethod with data set #2 (4, 4, 'PARSE', 'fatal', 'Error handler test!', 'tests/src/BootstrapTests.php', 1, null)
ok 159 - N8G\Grass\BootstrapTest::testGetMethod with data set #3 (8, 8, 'NOTICE', 'warn', 'Error handler test!', 'tests/src/BootstrapTests.php', 1, null)
ok 160 - N8G\Grass\BootstrapTest::testGetMethod with data set #4 (16, 16, 'CORE ERROR', 'fatal', 'Error handler test!', 'tests/src/BootstrapTests.php', 1, null)
ok 161 - N8G\Grass\BootstrapTest::testGetMethod with data set #5 (32, 32, 'CORE WARNING', 'warn', 'Error handler test!', 'tests/src/BootstrapTests.php', 1, null)
ok 162 - N8G\Grass\BootstrapTest::testGetMethod with data set #6 (64, 64, 'COMPILE ERROR', 'fatal', 'Error handler test!', 'tests/src/BootstrapTests.php', 1, null)
ok 163 - N8G\Grass\BootstrapTest::testGetMethod with data set #7 (128, 128, 'COMPILE WARNING', 'warn', 'Error handler test!', 'tests/src/BootstrapTests.php', 1, null)
ok 164 - N8G\Grass\BootstrapTest::testGetMethod with data set #8 (256, 256, 'USER ERROR', 'error', 'Error handler test!', 'tests/src/BootstrapTests.php', 1, null)
ok 165 - N8G\Grass\BootstrapTest::testGetMethod with data set #9 (512, 512, 'USER WARNING', 'warn', 'Error handler test!', 'tests/src/BootstrapTests.php', 1, null)
ok 166 - N8G\Grass\BootstrapTest::testGetMethod with data set #10 (1024, 1024, 'USER NOTICE', 'warn', 'Error handler test!', 'tests/src/BootstrapTests.php', 1, null)
ok 167 - N8G\Grass\BootstrapTest::testGetMethod with data set #11 (2048, 2048, 'STRICT', 'warn', 'Error handler test!', 'tests/src/BootstrapTests.php', 1, null)
ok 168 - N8G\Grass\BootstrapTest::testGetMethod with data set #12 (4096, 4096, 'RECOVERABLE', 'error', 'Error handler test!', 'tests/src/BootstrapTests.php', 1, null)
ok 169 - N8G\Grass\BootstrapTest::testGetMethod with data set #13 (8192, 8192, 'DEPRECATED', 'error', 'Error handler test!', 'tests/src/BootstrapTests.php', 1, null)
ok 170 - N8G\Grass\BootstrapTest::testGetMethod with data set #14 (16384, 16384, 'USER DEPRECATED', 'error', 'Error handler test!', 'tests/src/BootstrapTests.php', 1, null)
ok 171 - N8G\Grass\BootstrapTest::testGetMethod with data set #15 (0, 'default', 'UNKNOWN (0)', 'error', 'Error handler test!', 'tests/src/BootstrapTests.php', 1, null)
ok 172 - N8G\Grass\BootstrapTest::testGetType with data set #0 (1, 1, 'ERROR', 'error', 'Error handler test!', 'tests/src/BootstrapTests.php', 1, null)
ok 173 - N8G\Grass\BootstrapTest::testGetType with data set #1 (2, 2, 'WARNING', 'warn', 'Error handler test!', 'tests/src/BootstrapTests.php', 1, null)
ok 174 - N8G\Grass\BootstrapTest::testGetType with data set #2 (4, 4, 'PARSE', 'fatal', 'Error handler test!', 'tests/src/BootstrapTests.php', 1, null)
ok 175 - N8G\Grass\BootstrapTest::testGetType with data set #3 (8, 8, 'NOTICE', 'warn', 'Error handler test!', 'tests/src/BootstrapTests.php', 1, null)
ok 176 - N8G\Grass\BootstrapTest::testGetType with data set #4 (16, 16, 'CORE ERROR', 'fatal', 'Error handler test!', 'tests/src/BootstrapTests.php', 1, null)
ok 177 - N8G\Grass\BootstrapTest::testGetType with data set #5 (32, 32, 'CORE WARNING', 'warn', 'Error handler test!', 'tests/src/BootstrapTests.php', 1, null)
ok 178 - N8G\Grass\BootstrapTest::testGetType with data set #6 (64, 64, 'COMPILE ERROR', 'fatal', 'Error handler test!', 'tests/src/BootstrapTests.php', 1, null)
ok 179 - N8G\Grass\BootstrapTest::testGetType with data set #7 (128, 128, 'COMPILE WARNING', 'warn', 'Error handler test!', 'tests/src/BootstrapTests.php', 1, null)
ok 180 - N8G\Grass\BootstrapTest::testGetType with data set #8 (256, 256, 'USER ERROR', 'error', 'Error handler test!', 'tests/src/BootstrapTests.php', 1, null)
ok 181 - N8G\Grass\BootstrapTest::testGetType with data set #9 (512, 512, 'USER WARNING', 'warn', 'Error handler test!', 'tests/src/BootstrapTests.php', 1, null)
ok 182 - N8G\Grass\BootstrapTest::testGetType with data set #10 (1024, 1024, 'USER NOTICE', 'warn', 'Error handler test!', 'tests/src/BootstrapTests.php', 1, null)
ok 183 - N8G\Grass\BootstrapTest::testGetType with data set #11 (2048, 2048, 'STRICT', 'warn', 'Error handler test!', 'tests/src/BootstrapTests.php', 1, null)
ok 184 - N8G\Grass\BootstrapTest::testGetType with data set #12 (4096, 4096, 'RECOVERABLE', 'error', 'Error handler test!', 'tests/src/BootstrapTests.php', 1, null)
ok 185 - N8G\Grass\BootstrapTest::testGetType with data set #13 (8192, 8192, 'DEPRECATED', 'error', 'Error handler test!', 'tests/src/BootstrapTests.php', 1, null)
ok 186 - N8G\Grass\BootstrapTest::testGetType with data set #14 (16384, 16384, 'USER DEPRECATED', 'error', 'Error handler test!', 'tests/src/BootstrapTests.php', 1, null)
ok 187 - N8G\Grass\BootstrapTest::testGetType with data set #15 (0, 'default', 'UNKNOWN (0)', 'error', 'Error handler test!', 'tests/src/BootstrapTests.php', 1, null)
1..187
