TAP version 13
ok 1 - Tests\Unit\Components\Html\AnchorTest::testInstantiation with data set #0 ('This is a test', 'test', array(), array())
ok 2 - Tests\Unit\Components\Html\AnchorTest::testInvalidInstantiation with data set #0 (null, null, 'test', array())
ok 3 - Tests\Unit\Components\Html\AnchorTest::testInvalidInstantiation with data set #1 (null, null, 1, array())
ok 4 - Tests\Unit\Components\Html\AnchorTest::testInvalidInstantiation with data set #2 (null, null, true, array())
ok 5 - Tests\Unit\Components\Html\AnchorTest::testInvalidInstantiation with data set #3 (null, null, array(), 'test')
ok 6 - Tests\Unit\Components\Html\AnchorTest::testInvalidInstantiation with data set #4 (null, null, array(), 1)
ok 7 - Tests\Unit\Components\Html\AnchorTest::testInvalidInstantiation with data set #5 (null, null, array(), false)
ok 8 - Tests\Unit\Components\Html\AnchorTest::testSetContent
ok 9 - Tests\Unit\Components\Html\AnchorTest::testSetId
ok 10 - Tests\Unit\Components\Html\AnchorTest::testSetElements with data set #0 (array('Test'), array('Test'))
ok 11 - Tests\Unit\Components\Html\AnchorTest::testSetElements with data set #1 (array(array('object', 'Head')), array())
ok 12 - Tests\Unit\Components\Html\AnchorTest::testSetElements with data set #2 (array('Test', array('object', 'Head')), array('Test'))
ok 13 - Tests\Unit\Components\Html\AnchorTest::testGetElements with data set #0 (array('Test'), array('Test'))
ok 14 - Tests\Unit\Components\Html\AnchorTest::testGetElements with data set #1 (array(array('object', 'Head')), array())
ok 15 - Tests\Unit\Components\Html\AnchorTest::testGetElements with data set #2 (array('Test', array('object', 'Head')), array('Test'))
ok 16 - Tests\Unit\Components\Html\AnchorTest::testAddElements with data set #0 ('Anchor', false)
ok 17 - Tests\Unit\Components\Html\AnchorTest::testAddElements with data set #1 ('Article', false)
ok 18 - Tests\Unit\Components\Html\AnchorTest::testAddElements with data set #2 ('Body', false)
ok 19 - Tests\Unit\Components\Html\AnchorTest::testAddElements with data set #3 ('Div', true)
ok 20 - Tests\Unit\Components\Html\AnchorTest::testAddElements with data set #4 ('Fieldset', false)
ok 21 - Tests\Unit\Components\Html\AnchorTest::testAddElements with data set #5 ('Footer', false)
ok 22 - Tests\Unit\Components\Html\AnchorTest::testAddElements with data set #6 ('Form', false)
ok 23 - Tests\Unit\Components\Html\AnchorTest::testAddElements with data set #7 ('Button', false)
ok 24 - Tests\Unit\Components\Html\AnchorTest::testAddElements with data set #8 ('Head', false)
ok 25 - Tests\Unit\Components\Html\AnchorTest::testAddElements with data set #9 ('Header', false)
ok 26 - Tests\Unit\Components\Html\AnchorTest::testAddElements with data set #10 ('Heading', true, array(1))
ok 27 - Tests\Unit\Components\Html\AnchorTest::testAddElements with data set #11 ('HorizontalRule', false)
ok 28 - Tests\Unit\Components\Html\AnchorTest::testAddElements with data set #12 ('Image', true)
ok 29 - Tests\Unit\Components\Html\AnchorTest::testAddElements with data set #13 ('Input', false)
ok 30 - Tests\Unit\Components\Html\AnchorTest::testAddElements with data set #14 ('Link', false)
ok 31 - Tests\Unit\Components\Html\AnchorTest::testAddElements with data set #15 ('ListItem', false)
ok 32 - Tests\Unit\Components\Html\AnchorTest::testAddElements with data set #16 ('Meta', false)
ok 33 - Tests\Unit\Components\Html\AnchorTest::testAddElements with data set #17 ('Option', false)
ok 34 - Tests\Unit\Components\Html\AnchorTest::testAddElements with data set #18 ('OrderedList', false)
ok 35 - Tests\Unit\Components\Html\AnchorTest::testAddElements with data set #19 ('PageBreak', true)
ok 36 - Tests\Unit\Components\Html\AnchorTest::testAddElements with data set #20 ('Paragraph', false)
ok 37 - Tests\Unit\Components\Html\AnchorTest::testAddElements with data set #21 ('Script', false)
ok 38 - Tests\Unit\Components\Html\AnchorTest::testAddElements with data set #22 ('Section', false)
ok 39 - Tests\Unit\Components\Html\AnchorTest::testAddElements with data set #23 ('Select', false)
ok 40 - Tests\Unit\Components\Html\AnchorTest::testAddElements with data set #24 ('Span', true)
ok 41 - Tests\Unit\Components\Html\AnchorTest::testAddElements with data set #25 ('Style', false)
ok 42 - Tests\Unit\Components\Html\AnchorTest::testAddElements with data set #26 ('Table', false)
ok 43 - Tests\Unit\Components\Html\AnchorTest::testAddElements with data set #27 ('TableBody', false)
ok 44 - Tests\Unit\Components\Html\AnchorTest::testAddElements with data set #28 ('TableCell', false)
ok 45 - Tests\Unit\Components\Html\AnchorTest::testAddElements with data set #29 ('TableHeader', false)
ok 46 - Tests\Unit\Components\Html\AnchorTest::testAddElements with data set #30 ('TableHeading', false)
ok 47 - Tests\Unit\Components\Html\AnchorTest::testAddElements with data set #31 ('TableRow', false)
ok 48 - Tests\Unit\Components\Html\AnchorTest::testAddElements with data set #32 ('Title', false)
ok 49 - Tests\Unit\Components\Html\AnchorTest::testAddElements with data set #33 ('UnorderedList', false)
ok 50 - Tests\Unit\Components\Html\AnchorTest::testSetAttributes
ok 51 - Tests\Unit\Components\Html\AnchorTest::testGetAttributes
ok 52 - Tests\Unit\Components\Html\AnchorTest::testToString with data set #0 (null, null, array(), array('#'), 'Anchor element\n\r    Attribu...href=#')
ok 53 - Tests\Unit\Components\Html\AnchorTest::testToString with data set #1 ('Test', null, array(), array('#'), 'Anchor element\n\r    Content...href=#')
ok 54 - Tests\Unit\Components\Html\AnchorTest::testToString with data set #2 (null, 'test', array(), array('#'), 'Anchor element\n\r    ID: tes...href=#')
ok 55 - Tests\Unit\Components\Html\AnchorTest::testToString with data set #3 (null, null, array('PHPUnit is...', 'fun!'), array('#'), 'Anchor element\n\r    Element...href=#')
ok 56 - Tests\Unit\Components\Html\AnchorTest::testToString with data set #4 (null, null, array(), array('test', '#'), 'Anchor element\n\r    Attribu...href=#')
ok 57 - Tests\Unit\Components\Html\AnchorTest::testToString with data set #5 (1, null, array(), array('#'), 'Anchor element\n\r    Content...href=#')
ok 58 - Tests\Unit\Components\Html\AnchorTest::testToString with data set #6 (null, 1, array(), array('#'), 'Anchor element\n\r    ID: 1\n...href=#')
ok 59 - Tests\Unit\Components\Html\AnchorTest::testToHtml with data set #0 (null, null, array(), array('#'), '<a href="#"></a>')
ok 60 - Tests\Unit\Components\Html\AnchorTest::testToHtml with data set #1 ('Test', null, array(), array('#'), '<a href="#">Test</a>')
ok 61 - Tests\Unit\Components\Html\AnchorTest::testToHtml with data set #2 (null, 'test', array(), array('#'), '<a id="test" href="#"></a>')
ok 62 - Tests\Unit\Components\Html\AnchorTest::testToHtml with data set #3 (null, null, array('PHPUnit is...', 'fun!'), array('#'), '<a href="#">PHPUnit is...fun!</a>')
ok 63 - Tests\Unit\Components\Html\AnchorTest::testToHtml with data set #4 (null, null, array(), array('test', '#'), '<a class="test" href="#"></a>')
ok 64 - Tests\Unit\Components\Html\AnchorTest::testToHtml with data set #5 (1, null, array(), array('#'), '<a href="#">1</a>')
ok 65 - Tests\Unit\Components\Html\AnchorTest::testToHtml with data set #6 (null, 1, array(), array('#'), '<a id="1" href="#"></a>')
ok 66 - Tests\Unit\Components\Html\AnchorTest::testAddAttribute
ok 67 - Tests\Unit\Components\Html\ArticleTest::testInstantiation with data set #0 ('This is a test', 'test', array(), array())
ok 68 - Tests\Unit\Components\Html\ArticleTest::testInvalidInstantiation with data set #0 (null, null, 'test', array())
ok 69 - Tests\Unit\Components\Html\ArticleTest::testInvalidInstantiation with data set #1 (null, null, 1, array())
ok 70 - Tests\Unit\Components\Html\ArticleTest::testInvalidInstantiation with data set #2 (null, null, true, array())
ok 71 - Tests\Unit\Components\Html\ArticleTest::testInvalidInstantiation with data set #3 (null, null, array(), 'test')
ok 72 - Tests\Unit\Components\Html\ArticleTest::testInvalidInstantiation with data set #4 (null, null, array(), 1)
ok 73 - Tests\Unit\Components\Html\ArticleTest::testInvalidInstantiation with data set #5 (null, null, array(), false)
ok 74 - Tests\Unit\Components\Html\ArticleTest::testSetContent
ok 75 - Tests\Unit\Components\Html\ArticleTest::testSetId
ok 76 - Tests\Unit\Components\Html\ArticleTest::testSetElements with data set #0 (array('Test'), array('Test'))
ok 77 - Tests\Unit\Components\Html\ArticleTest::testSetElements with data set #1 (array(array('object', 'Head')), array())
ok 78 - Tests\Unit\Components\Html\ArticleTest::testSetElements with data set #2 (array('Test', array('object', 'Head')), array('Test'))
ok 79 - Tests\Unit\Components\Html\ArticleTest::testGetElements with data set #0 (array('Test'), array('Test'))
ok 80 - Tests\Unit\Components\Html\ArticleTest::testGetElements with data set #1 (array(array('object', 'Head')), array())
ok 81 - Tests\Unit\Components\Html\ArticleTest::testGetElements with data set #2 (array('Test', array('object', 'Head')), array('Test'))
ok 82 - Tests\Unit\Components\Html\ArticleTest::testAddElements with data set #0 ('Anchor', true)
ok 83 - Tests\Unit\Components\Html\ArticleTest::testAddElements with data set #1 ('Article', true)
ok 84 - Tests\Unit\Components\Html\ArticleTest::testAddElements with data set #2 ('Body', false)
ok 85 - Tests\Unit\Components\Html\ArticleTest::testAddElements with data set #3 ('Div', true)
ok 86 - Tests\Unit\Components\Html\ArticleTest::testAddElements with data set #4 ('Fieldset', false)
ok 87 - Tests\Unit\Components\Html\ArticleTest::testAddElements with data set #5 ('Footer', true)
ok 88 - Tests\Unit\Components\Html\ArticleTest::testAddElements with data set #6 ('Form', true)
ok 89 - Tests\Unit\Components\Html\ArticleTest::testAddElements with data set #7 ('Button', true)
ok 90 - Tests\Unit\Components\Html\ArticleTest::testAddElements with data set #8 ('Head', false)
ok 91 - Tests\Unit\Components\Html\ArticleTest::testAddElements with data set #9 ('Header', true)
ok 92 - Tests\Unit\Components\Html\ArticleTest::testAddElements with data set #10 ('Heading', true, array(1))
ok 93 - Tests\Unit\Components\Html\ArticleTest::testAddElements with data set #11 ('HorizontalRule', true)
ok 94 - Tests\Unit\Components\Html\ArticleTest::testAddElements with data set #12 ('Image', true)
ok 95 - Tests\Unit\Components\Html\ArticleTest::testAddElements with data set #13 ('Input', false)
ok 96 - Tests\Unit\Components\Html\ArticleTest::testAddElements with data set #14 ('Link', false)
ok 97 - Tests\Unit\Components\Html\ArticleTest::testAddElements with data set #15 ('ListItem', false)
ok 98 - Tests\Unit\Components\Html\ArticleTest::testAddElements with data set #16 ('Meta', false)
ok 99 - Tests\Unit\Components\Html\ArticleTest::testAddElements with data set #17 ('Option', false)
ok 100 - Tests\Unit\Components\Html\ArticleTest::testAddElements with data set #18 ('OrderedList', true)
ok 101 - Tests\Unit\Components\Html\ArticleTest::testAddElements with data set #19 ('PageBreak', false)
ok 102 - Tests\Unit\Components\Html\ArticleTest::testAddElements with data set #20 ('Paragraph', true)
ok 103 - Tests\Unit\Components\Html\ArticleTest::testAddElements with data set #21 ('Script', false)
ok 104 - Tests\Unit\Components\Html\ArticleTest::testAddElements with data set #22 ('Section', false)
ok 105 - Tests\Unit\Components\Html\ArticleTest::testAddElements with data set #23 ('Select', false)
ok 106 - Tests\Unit\Components\Html\ArticleTest::testAddElements with data set #24 ('Span', true)
ok 107 - Tests\Unit\Components\Html\ArticleTest::testAddElements with data set #25 ('Style', false)
ok 108 - Tests\Unit\Components\Html\ArticleTest::testAddElements with data set #26 ('Table', true)
ok 109 - Tests\Unit\Components\Html\ArticleTest::testAddElements with data set #27 ('TableBody', false)
ok 110 - Tests\Unit\Components\Html\ArticleTest::testAddElements with data set #28 ('TableCell', false)
ok 111 - Tests\Unit\Components\Html\ArticleTest::testAddElements with data set #29 ('TableHeader', false)
ok 112 - Tests\Unit\Components\Html\ArticleTest::testAddElements with data set #30 ('TableHeading', false)
ok 113 - Tests\Unit\Components\Html\ArticleTest::testAddElements with data set #31 ('TableRow', false)
ok 114 - Tests\Unit\Components\Html\ArticleTest::testAddElements with data set #32 ('Title', false)
ok 115 - Tests\Unit\Components\Html\ArticleTest::testAddElements with data set #33 ('UnorderedList', true)
ok 116 - Tests\Unit\Components\Html\ArticleTest::testSetAttributes
ok 117 - Tests\Unit\Components\Html\ArticleTest::testGetAttributes
ok 118 - Tests\Unit\Components\Html\ArticleTest::testToString with data set #0 (null, null, array(), array(), 'Article element')
ok 119 - Tests\Unit\Components\Html\ArticleTest::testToString with data set #1 ('Test', null, array(), array(), 'Article element\n\r    Content: Test')
ok 120 - Tests\Unit\Components\Html\ArticleTest::testToString with data set #2 (null, 'test', array(), array(), 'Article element\n\r    ID: test')
ok 121 - Tests\Unit\Components\Html\ArticleTest::testToString with data set #3 (null, null, array('PHPUnit is...', 'fun!'), array(), 'Article element\n\r    Elemen.....fun!')
ok 122 - Tests\Unit\Components\Html\ArticleTest::testToString with data set #4 (null, null, array(), array('test'), 'Article element\n\r    Attrib...s=test')
ok 123 - Tests\Unit\Components\Html\ArticleTest::testToString with data set #5 (1, null, array(), array(), 'Article element\n\r    Content: 1')
ok 124 - Tests\Unit\Components\Html\ArticleTest::testToString with data set #6 (null, 1, array(), array(), 'Article element\n\r    ID: 1')
ok 125 - Tests\Unit\Components\Html\ArticleTest::testToHtml with data set #0 (null, null, array(), array(), '<article></article>')
ok 126 - Tests\Unit\Components\Html\ArticleTest::testToHtml with data set #1 ('Test', null, array(), array(), '<article>Test</article>')
ok 127 - Tests\Unit\Components\Html\ArticleTest::testToHtml with data set #2 (null, 'test', array(), array(), '<article id="test"></article>')
ok 128 - Tests\Unit\Components\Html\ArticleTest::testToHtml with data set #3 (null, null, array('PHPUnit is...', 'fun!'), array(), '<article>PHPUnit is...fun!</article>')
ok 129 - Tests\Unit\Components\Html\ArticleTest::testToHtml with data set #4 (null, null, array(), array('test'), '<article class="test"></article>')
ok 130 - Tests\Unit\Components\Html\ArticleTest::testToHtml with data set #5 (1, null, array(), array(), '<article>1</article>')
ok 131 - Tests\Unit\Components\Html\ArticleTest::testToHtml with data set #6 (null, 1, array(), array(), '<article id="1"></article>')
ok 132 - Tests\Unit\Components\Html\ArticleTest::testAddAttribute
ok 133 - Tests\Unit\Components\Html\BodyTest::testInstantiation with data set #0 ('This is a test', 'test', array(), array())
ok 134 - Tests\Unit\Components\Html\BodyTest::testInvalidInstantiation with data set #0 (null, null, 'test', array())
ok 135 - Tests\Unit\Components\Html\BodyTest::testInvalidInstantiation with data set #1 (null, null, 1, array())
ok 136 - Tests\Unit\Components\Html\BodyTest::testInvalidInstantiation with data set #2 (null, null, true, array())
ok 137 - Tests\Unit\Components\Html\BodyTest::testInvalidInstantiation with data set #3 (null, null, array(), 'test')
ok 138 - Tests\Unit\Components\Html\BodyTest::testInvalidInstantiation with data set #4 (null, null, array(), 1)
ok 139 - Tests\Unit\Components\Html\BodyTest::testInvalidInstantiation with data set #5 (null, null, array(), false)
ok 140 - Tests\Unit\Components\Html\BodyTest::testSetContent
ok 141 - Tests\Unit\Components\Html\BodyTest::testSetId
ok 142 - Tests\Unit\Components\Html\BodyTest::testSetElements with data set #0 (array('Test'), array('Test'))
ok 143 - Tests\Unit\Components\Html\BodyTest::testSetElements with data set #1 (array(array('object', 'Head')), array())
ok 144 - Tests\Unit\Components\Html\BodyTest::testSetElements with data set #2 (array('Test', array('object', 'Head')), array('Test'))
ok 145 - Tests\Unit\Components\Html\BodyTest::testGetElements with data set #0 (array('Test'), array('Test'))
ok 146 - Tests\Unit\Components\Html\BodyTest::testGetElements with data set #1 (array(array('object', 'Head')), array())
ok 147 - Tests\Unit\Components\Html\BodyTest::testGetElements with data set #2 (array('Test', array('object', 'Head')), array('Test'))
ok 148 - Tests\Unit\Components\Html\BodyTest::testAddElements with data set #0 ('Anchor', true)
ok 149 - Tests\Unit\Components\Html\BodyTest::testAddElements with data set #1 ('Article', true)
ok 150 - Tests\Unit\Components\Html\BodyTest::testAddElements with data set #2 ('Body', false)
ok 151 - Tests\Unit\Components\Html\BodyTest::testAddElements with data set #3 ('Div', true)
ok 152 - Tests\Unit\Components\Html\BodyTest::testAddElements with data set #4 ('Fieldset', false)
ok 153 - Tests\Unit\Components\Html\BodyTest::testAddElements with data set #5 ('Footer', true)
ok 154 - Tests\Unit\Components\Html\BodyTest::testAddElements with data set #6 ('Form', true)
ok 155 - Tests\Unit\Components\Html\BodyTest::testAddElements with data set #7 ('Button', true)
ok 156 - Tests\Unit\Components\Html\BodyTest::testAddElements with data set #8 ('Head', false)
ok 157 - Tests\Unit\Components\Html\BodyTest::testAddElements with data set #9 ('Header', true)
ok 158 - Tests\Unit\Components\Html\BodyTest::testAddElements with data set #10 ('Heading', true, array(1))
ok 159 - Tests\Unit\Components\Html\BodyTest::testAddElements with data set #11 ('HorizontalRule', true)
ok 160 - Tests\Unit\Components\Html\BodyTest::testAddElements with data set #12 ('Image', true)
ok 161 - Tests\Unit\Components\Html\BodyTest::testAddElements with data set #13 ('Input', false)
ok 162 - Tests\Unit\Components\Html\BodyTest::testAddElements with data set #14 ('Link', true)
ok 163 - Tests\Unit\Components\Html\BodyTest::testAddElements with data set #15 ('ListItem', false)
ok 164 - Tests\Unit\Components\Html\BodyTest::testAddElements with data set #16 ('Meta', false)
ok 165 - Tests\Unit\Components\Html\BodyTest::testAddElements with data set #17 ('Option', false)
ok 166 - Tests\Unit\Components\Html\BodyTest::testAddElements with data set #18 ('OrderedList', true)
ok 167 - Tests\Unit\Components\Html\BodyTest::testAddElements with data set #19 ('PageBreak', false)
ok 168 - Tests\Unit\Components\Html\BodyTest::testAddElements with data set #20 ('Paragraph', true)
ok 169 - Tests\Unit\Components\Html\BodyTest::testAddElements with data set #21 ('Script', true)
ok 170 - Tests\Unit\Components\Html\BodyTest::testAddElements with data set #22 ('Section', true)
ok 171 - Tests\Unit\Components\Html\BodyTest::testAddElements with data set #23 ('Select', true)
ok 172 - Tests\Unit\Components\Html\BodyTest::testAddElements with data set #24 ('Span', true)
ok 173 - Tests\Unit\Components\Html\BodyTest::testAddElements with data set #25 ('Style', false)
ok 174 - Tests\Unit\Components\Html\BodyTest::testAddElements with data set #26 ('Table', true)
ok 175 - Tests\Unit\Components\Html\BodyTest::testAddElements with data set #27 ('TableBody', false)
ok 176 - Tests\Unit\Components\Html\BodyTest::testAddElements with data set #28 ('TableCell', false)
ok 177 - Tests\Unit\Components\Html\BodyTest::testAddElements with data set #29 ('TableHeader', false)
ok 178 - Tests\Unit\Components\Html\BodyTest::testAddElements with data set #30 ('TableHeading', false)
ok 179 - Tests\Unit\Components\Html\BodyTest::testAddElements with data set #31 ('TableRow', false)
ok 180 - Tests\Unit\Components\Html\BodyTest::testAddElements with data set #32 ('Title', false)
ok 181 - Tests\Unit\Components\Html\BodyTest::testAddElements with data set #33 ('UnorderedList', true)
ok 182 - Tests\Unit\Components\Html\BodyTest::testSetAttributes
ok 183 - Tests\Unit\Components\Html\BodyTest::testGetAttributes
ok 184 - Tests\Unit\Components\Html\BodyTest::testToString with data set #0 (null, null, array(), array(), 'Body element')
ok 185 - Tests\Unit\Components\Html\BodyTest::testToString with data set #1 ('Test', null, array(), array(), 'Body element\n\r    Content: Test')
ok 186 - Tests\Unit\Components\Html\BodyTest::testToString with data set #2 (null, 'test', array(), array(), 'Body element\n\r    ID: test')
ok 187 - Tests\Unit\Components\Html\BodyTest::testToString with data set #3 (null, null, array('PHPUnit is...', 'fun!'), array(), 'Body element\n\r    Elements:.....fun!')
ok 188 - Tests\Unit\Components\Html\BodyTest::testToString with data set #4 (null, null, array(), array('test'), 'Body element\n\r    Attribute...s=test')
ok 189 - Tests\Unit\Components\Html\BodyTest::testToString with data set #5 (1, null, array(), array(), 'Body element\n\r    Content: 1')
ok 190 - Tests\Unit\Components\Html\BodyTest::testToString with data set #6 (null, 1, array(), array(), 'Body element\n\r    ID: 1')
ok 191 - Tests\Unit\Components\Html\BodyTest::testToHtml with data set #0 (null, null, array(), array(), '<body></body>')
ok 192 - Tests\Unit\Components\Html\BodyTest::testToHtml with data set #1 ('Test', null, array(), array(), '<body>Test</body>')
ok 193 - Tests\Unit\Components\Html\BodyTest::testToHtml with data set #2 (null, 'test', array(), array(), '<body id="test"></body>')
ok 194 - Tests\Unit\Components\Html\BodyTest::testToHtml with data set #3 (null, null, array('PHPUnit is...', 'fun!'), array(), '<body>PHPUnit is...fun!</body>')
ok 195 - Tests\Unit\Components\Html\BodyTest::testToHtml with data set #4 (null, null, array(), array('test'), '<body class="test"></body>')
ok 196 - Tests\Unit\Components\Html\BodyTest::testToHtml with data set #5 (1, null, array(), array(), '<body>1</body>')
ok 197 - Tests\Unit\Components\Html\BodyTest::testToHtml with data set #6 (null, 1, array(), array(), '<body id="1"></body>')
ok 198 - Tests\Unit\Components\Html\BodyTest::testAddAttribute
ok 199 - Tests\Unit\Components\Html\ButtonTest::testInstantiation with data set #0 ('This is a test', 'test', array(), array())
ok 200 - Tests\Unit\Components\Html\ButtonTest::testInvalidInstantiation with data set #0 (null, null, 'test', array())
ok 201 - Tests\Unit\Components\Html\ButtonTest::testInvalidInstantiation with data set #1 (null, null, 1, array())
ok 202 - Tests\Unit\Components\Html\ButtonTest::testInvalidInstantiation with data set #2 (null, null, true, array())
ok 203 - Tests\Unit\Components\Html\ButtonTest::testInvalidInstantiation with data set #3 (null, null, array(), 'test')
ok 204 - Tests\Unit\Components\Html\ButtonTest::testInvalidInstantiation with data set #4 (null, null, array(), 1)
ok 205 - Tests\Unit\Components\Html\ButtonTest::testInvalidInstantiation with data set #5 (null, null, array(), false)
ok 206 - Tests\Unit\Components\Html\ButtonTest::testSetContent
ok 207 - Tests\Unit\Components\Html\ButtonTest::testSetId
ok 208 - Tests\Unit\Components\Html\ButtonTest::testSetElements with data set #0 (array('Test'), array('Test'))
ok 209 - Tests\Unit\Components\Html\ButtonTest::testSetElements with data set #1 (array(array('object', 'Head')), array())
ok 210 - Tests\Unit\Components\Html\ButtonTest::testSetElements with data set #2 (array('Test', array('object', 'Head')), array('Test'))
ok 211 - Tests\Unit\Components\Html\ButtonTest::testGetElements with data set #0 (array('Test'), array('Test'))
ok 212 - Tests\Unit\Components\Html\ButtonTest::testGetElements with data set #1 (array(array('object', 'Head')), array())
ok 213 - Tests\Unit\Components\Html\ButtonTest::testGetElements with data set #2 (array('Test', array('object', 'Head')), array('Test'))
ok 214 - Tests\Unit\Components\Html\ButtonTest::testAddElements with data set #0 ('Anchor', false)
ok 215 - Tests\Unit\Components\Html\ButtonTest::testAddElements with data set #1 ('Article', false)
ok 216 - Tests\Unit\Components\Html\ButtonTest::testAddElements with data set #2 ('Body', false)
ok 217 - Tests\Unit\Components\Html\ButtonTest::testAddElements with data set #3 ('Div', false)
ok 218 - Tests\Unit\Components\Html\ButtonTest::testAddElements with data set #4 ('Fieldset', false)
ok 219 - Tests\Unit\Components\Html\ButtonTest::testAddElements with data set #5 ('Footer', false)
ok 220 - Tests\Unit\Components\Html\ButtonTest::testAddElements with data set #6 ('Form', false)
ok 221 - Tests\Unit\Components\Html\ButtonTest::testAddElements with data set #7 ('Button', false)
ok 222 - Tests\Unit\Components\Html\ButtonTest::testAddElements with data set #8 ('Head', false)
ok 223 - Tests\Unit\Components\Html\ButtonTest::testAddElements with data set #9 ('Header', false)
ok 224 - Tests\Unit\Components\Html\ButtonTest::testAddElements with data set #10 ('Heading', false, array(1))
ok 225 - Tests\Unit\Components\Html\ButtonTest::testAddElements with data set #11 ('HorizontalRule', false)
ok 226 - Tests\Unit\Components\Html\ButtonTest::testAddElements with data set #12 ('Image', true)
ok 227 - Tests\Unit\Components\Html\ButtonTest::testAddElements with data set #13 ('Input', false)
ok 228 - Tests\Unit\Components\Html\ButtonTest::testAddElements with data set #14 ('Link', false)
ok 229 - Tests\Unit\Components\Html\ButtonTest::testAddElements with data set #15 ('ListItem', false)
ok 230 - Tests\Unit\Components\Html\ButtonTest::testAddElements with data set #16 ('Meta', false)
ok 231 - Tests\Unit\Components\Html\ButtonTest::testAddElements with data set #17 ('Option', false)
ok 232 - Tests\Unit\Components\Html\ButtonTest::testAddElements with data set #18 ('OrderedList', false)
ok 233 - Tests\Unit\Components\Html\ButtonTest::testAddElements with data set #19 ('PageBreak', false)
ok 234 - Tests\Unit\Components\Html\ButtonTest::testAddElements with data set #20 ('Paragraph', false)
ok 235 - Tests\Unit\Components\Html\ButtonTest::testAddElements with data set #21 ('Script', false)
ok 236 - Tests\Unit\Components\Html\ButtonTest::testAddElements with data set #22 ('Section', false)
ok 237 - Tests\Unit\Components\Html\ButtonTest::testAddElements with data set #23 ('Select', false)
ok 238 - Tests\Unit\Components\Html\ButtonTest::testAddElements with data set #24 ('Span', true)
ok 239 - Tests\Unit\Components\Html\ButtonTest::testAddElements with data set #25 ('Style', false)
ok 240 - Tests\Unit\Components\Html\ButtonTest::testAddElements with data set #26 ('Table', false)
ok 241 - Tests\Unit\Components\Html\ButtonTest::testAddElements with data set #27 ('TableBody', false)
ok 242 - Tests\Unit\Components\Html\ButtonTest::testAddElements with data set #28 ('TableCell', false)
ok 243 - Tests\Unit\Components\Html\ButtonTest::testAddElements with data set #29 ('TableHeader', false)
ok 244 - Tests\Unit\Components\Html\ButtonTest::testAddElements with data set #30 ('TableHeading', false)
ok 245 - Tests\Unit\Components\Html\ButtonTest::testAddElements with data set #31 ('TableRow', false)
ok 246 - Tests\Unit\Components\Html\ButtonTest::testAddElements with data set #32 ('Title', false)
ok 247 - Tests\Unit\Components\Html\ButtonTest::testAddElements with data set #33 ('UnorderedList', false)
ok 248 - Tests\Unit\Components\Html\ButtonTest::testSetAttributes
ok 249 - Tests\Unit\Components\Html\ButtonTest::testGetAttributes
ok 250 - Tests\Unit\Components\Html\ButtonTest::testToString with data set #0 (null, null, array(), array('button'), 'Button element\n\r    Attribu...button')
ok 251 - Tests\Unit\Components\Html\ButtonTest::testToString with data set #1 ('Test', null, array(), array('button'), 'Button element\n\r    Content...button')
ok 252 - Tests\Unit\Components\Html\ButtonTest::testToString with data set #2 (null, 'test', array(), array('button'), 'Button element\n\r    ID: tes...button')
ok 253 - Tests\Unit\Components\Html\ButtonTest::testToString with data set #3 (null, null, array('PHPUnit is...', 'fun!'), array('button'), 'Button element\n\r    Element...button')
ok 254 - Tests\Unit\Components\Html\ButtonTest::testToString with data set #4 (null, null, array(), array('test', 'button'), 'Button element\n\r    Attribu...button')
ok 255 - Tests\Unit\Components\Html\ButtonTest::testToString with data set #5 (1, null, array(), array('button'), 'Button element\n\r    Content...button')
ok 256 - Tests\Unit\Components\Html\ButtonTest::testToString with data set #6 (null, 1, array(), array('button'), 'Button element\n\r    ID: 1\n...button')
ok 257 - Tests\Unit\Components\Html\ButtonTest::testToHtml with data set #0 (null, null, array(), array('button'), '<button type="button"></button>')
ok 258 - Tests\Unit\Components\Html\ButtonTest::testToHtml with data set #1 ('Test', null, array(), array('button'), '<button type="button">Test</button>')
ok 259 - Tests\Unit\Components\Html\ButtonTest::testToHtml with data set #2 (null, 'test', array(), array('button'), '<button id="test" type="butto...utton>')
ok 260 - Tests\Unit\Components\Html\ButtonTest::testToHtml with data set #3 (null, null, array('PHPUnit is...', 'fun!'), array('button'), '<button type="button">PHPUnit...utton>')
ok 261 - Tests\Unit\Components\Html\ButtonTest::testToHtml with data set #4 (null, null, array(), array('test', 'button'), '<button class="test" type="bu...utton>')
ok 262 - Tests\Unit\Components\Html\ButtonTest::testToHtml with data set #5 (1, null, array(), array('button'), '<button type="button">1</button>')
ok 263 - Tests\Unit\Components\Html\ButtonTest::testToHtml with data set #6 (null, 1, array(), array('button'), '<button id="1" type="button"></button>')
ok 264 - Tests\Unit\Components\Html\ButtonTest::testAddAttribute
ok 265 - Tests\Unit\Components\Html\ButtonTest::testValidateAttributes
ok 266 - Tests\Unit\Components\Html\DivTest::testInstantiation with data set #0 ('This is a test', 'test', array(), array())
ok 267 - Tests\Unit\Components\Html\DivTest::testInvalidInstantiation with data set #0 (null, null, 'test', array())
ok 268 - Tests\Unit\Components\Html\DivTest::testInvalidInstantiation with data set #1 (null, null, 1, array())
ok 269 - Tests\Unit\Components\Html\DivTest::testInvalidInstantiation with data set #2 (null, null, true, array())
ok 270 - Tests\Unit\Components\Html\DivTest::testInvalidInstantiation with data set #3 (null, null, array(), 'test')
ok 271 - Tests\Unit\Components\Html\DivTest::testInvalidInstantiation with data set #4 (null, null, array(), 1)
ok 272 - Tests\Unit\Components\Html\DivTest::testInvalidInstantiation with data set #5 (null, null, array(), false)
ok 273 - Tests\Unit\Components\Html\DivTest::testSetContent
ok 274 - Tests\Unit\Components\Html\DivTest::testSetId
ok 275 - Tests\Unit\Components\Html\DivTest::testSetElements with data set #0 (array('Test'), array('Test'))
ok 276 - Tests\Unit\Components\Html\DivTest::testSetElements with data set #1 (array(array('object', 'Head')), array())
ok 277 - Tests\Unit\Components\Html\DivTest::testSetElements with data set #2 (array('Test', array('object', 'Head')), array('Test'))
ok 278 - Tests\Unit\Components\Html\DivTest::testGetElements with data set #0 (array('Test'), array('Test'))
ok 279 - Tests\Unit\Components\Html\DivTest::testGetElements with data set #1 (array(array('object', 'Head')), array())
ok 280 - Tests\Unit\Components\Html\DivTest::testGetElements with data set #2 (array('Test', array('object', 'Head')), array('Test'))
ok 281 - Tests\Unit\Components\Html\DivTest::testAddElements with data set #0 ('Anchor', true)
ok 282 - Tests\Unit\Components\Html\DivTest::testAddElements with data set #1 ('Article', true)
ok 283 - Tests\Unit\Components\Html\DivTest::testAddElements with data set #2 ('Body', false)
ok 284 - Tests\Unit\Components\Html\DivTest::testAddElements with data set #3 ('Div', true)
ok 285 - Tests\Unit\Components\Html\DivTest::testAddElements with data set #4 ('Fieldset', false)
ok 286 - Tests\Unit\Components\Html\DivTest::testAddElements with data set #5 ('Footer', true)
ok 287 - Tests\Unit\Components\Html\DivTest::testAddElements with data set #6 ('Form', true)
ok 288 - Tests\Unit\Components\Html\DivTest::testAddElements with data set #7 ('Button', true)
ok 289 - Tests\Unit\Components\Html\DivTest::testAddElements with data set #8 ('Head', false)
ok 290 - Tests\Unit\Components\Html\DivTest::testAddElements with data set #9 ('Header', true)
ok 291 - Tests\Unit\Components\Html\DivTest::testAddElements with data set #10 ('Heading', true, array(1))
ok 292 - Tests\Unit\Components\Html\DivTest::testAddElements with data set #11 ('HorizontalRule', true)
ok 293 - Tests\Unit\Components\Html\DivTest::testAddElements with data set #12 ('Image', true)
ok 294 - Tests\Unit\Components\Html\DivTest::testAddElements with data set #13 ('Input', false)
ok 295 - Tests\Unit\Components\Html\DivTest::testAddElements with data set #14 ('Link', false)
ok 296 - Tests\Unit\Components\Html\DivTest::testAddElements with data set #15 ('ListItem', false)
ok 297 - Tests\Unit\Components\Html\DivTest::testAddElements with data set #16 ('Meta', false)
ok 298 - Tests\Unit\Components\Html\DivTest::testAddElements with data set #17 ('Option', false)
ok 299 - Tests\Unit\Components\Html\DivTest::testAddElements with data set #18 ('OrderedList', true)
ok 300 - Tests\Unit\Components\Html\DivTest::testAddElements with data set #19 ('PageBreak', false)
ok 301 - Tests\Unit\Components\Html\DivTest::testAddElements with data set #20 ('Paragraph', true)
ok 302 - Tests\Unit\Components\Html\DivTest::testAddElements with data set #21 ('Script', false)
ok 303 - Tests\Unit\Components\Html\DivTest::testAddElements with data set #22 ('Section', true)
ok 304 - Tests\Unit\Components\Html\DivTest::testAddElements with data set #23 ('Select', false)
ok 305 - Tests\Unit\Components\Html\DivTest::testAddElements with data set #24 ('Span', true)
ok 306 - Tests\Unit\Components\Html\DivTest::testAddElements with data set #25 ('Style', false)
ok 307 - Tests\Unit\Components\Html\DivTest::testAddElements with data set #26 ('Table', true)
ok 308 - Tests\Unit\Components\Html\DivTest::testAddElements with data set #27 ('TableBody', false)
ok 309 - Tests\Unit\Components\Html\DivTest::testAddElements with data set #28 ('TableCell', false)
ok 310 - Tests\Unit\Components\Html\DivTest::testAddElements with data set #29 ('TableHeader', false)
ok 311 - Tests\Unit\Components\Html\DivTest::testAddElements with data set #30 ('TableHeading', false)
ok 312 - Tests\Unit\Components\Html\DivTest::testAddElements with data set #31 ('TableRow', false)
ok 313 - Tests\Unit\Components\Html\DivTest::testAddElements with data set #32 ('Title', false)
ok 314 - Tests\Unit\Components\Html\DivTest::testAddElements with data set #33 ('UnorderedList', true)
ok 315 - Tests\Unit\Components\Html\DivTest::testSetAttributes
ok 316 - Tests\Unit\Components\Html\DivTest::testGetAttributes
ok 317 - Tests\Unit\Components\Html\DivTest::testToString with data set #0 (null, null, array(), array(), 'Divisional Tag element')
ok 318 - Tests\Unit\Components\Html\DivTest::testToString with data set #1 ('Test', null, array(), array(), 'Divisional Tag element\n\r   ...: Test')
ok 319 - Tests\Unit\Components\Html\DivTest::testToString with data set #2 (null, 'test', array(), array(), 'Divisional Tag element\n\r    ID: test')
ok 320 - Tests\Unit\Components\Html\DivTest::testToString with data set #3 (null, null, array('PHPUnit is...', 'fun!'), array(), 'Divisional Tag element\n\r   .....fun!')
ok 321 - Tests\Unit\Components\Html\DivTest::testToString with data set #4 (null, null, array(), array('test'), 'Divisional Tag element\n\r   ...s=test')
ok 322 - Tests\Unit\Components\Html\DivTest::testToString with data set #5 (1, null, array(), array(), 'Divisional Tag element\n\r   ...ent: 1')
ok 323 - Tests\Unit\Components\Html\DivTest::testToString with data set #6 (null, 1, array(), array(), 'Divisional Tag element\n\r    ID: 1')
ok 324 - Tests\Unit\Components\Html\DivTest::testToHtml with data set #0 (null, null, array(), array(), '<div></div>')
ok 325 - Tests\Unit\Components\Html\DivTest::testToHtml with data set #1 ('Test', null, array(), array(), '<div>Test</div>')
ok 326 - Tests\Unit\Components\Html\DivTest::testToHtml with data set #2 (null, 'test', array(), array(), '<div id="test"></div>')
ok 327 - Tests\Unit\Components\Html\DivTest::testToHtml with data set #3 (null, null, array('PHPUnit is...', 'fun!'), array(), '<div>PHPUnit is...fun!</div>')
ok 328 - Tests\Unit\Components\Html\DivTest::testToHtml with data set #4 (null, null, array(), array('test'), '<div class="test"></div>')
ok 329 - Tests\Unit\Components\Html\DivTest::testToHtml with data set #5 (1, null, array(), array(), '<div>1</div>')
ok 330 - Tests\Unit\Components\Html\DivTest::testToHtml with data set #6 (null, 1, array(), array(), '<div id="1"></div>')
ok 331 - Tests\Unit\Components\Html\DivTest::testAddAttribute
ok 332 - Tests\Unit\Components\Html\ParagraphTest::testInstantiation with data set #0 ('This is a test', 'test', array(), array())
ok 333 - Tests\Unit\Components\Html\ParagraphTest::testInvalidInstantiation with data set #0 (null, null, 'test', array())
ok 334 - Tests\Unit\Components\Html\ParagraphTest::testInvalidInstantiation with data set #1 (null, null, 1, array())
ok 335 - Tests\Unit\Components\Html\ParagraphTest::testInvalidInstantiation with data set #2 (null, null, true, array())
ok 336 - Tests\Unit\Components\Html\ParagraphTest::testInvalidInstantiation with data set #3 (null, null, array(), 'test')
ok 337 - Tests\Unit\Components\Html\ParagraphTest::testInvalidInstantiation with data set #4 (null, null, array(), 1)
ok 338 - Tests\Unit\Components\Html\ParagraphTest::testInvalidInstantiation with data set #5 (null, null, array(), false)
ok 339 - Tests\Unit\Components\Html\ParagraphTest::testSetContent
ok 340 - Tests\Unit\Components\Html\ParagraphTest::testSetId
ok 341 - Tests\Unit\Components\Html\ParagraphTest::testSetElements with data set #0 (array('Test'), array('Test'))
ok 342 - Tests\Unit\Components\Html\ParagraphTest::testSetElements with data set #1 (array(array('object', 'Head')), array())
ok 343 - Tests\Unit\Components\Html\ParagraphTest::testSetElements with data set #2 (array('Test', array('object', 'Head')), array('Test'))
ok 344 - Tests\Unit\Components\Html\ParagraphTest::testGetElements with data set #0 (array('Test'), array('Test'))
ok 345 - Tests\Unit\Components\Html\ParagraphTest::testGetElements with data set #1 (array(array('object', 'Head')), array())
ok 346 - Tests\Unit\Components\Html\ParagraphTest::testGetElements with data set #2 (array('Test', array('object', 'Head')), array('Test'))
ok 347 - Tests\Unit\Components\Html\ParagraphTest::testAddElements with data set #0 ('Anchor', true)
ok 348 - Tests\Unit\Components\Html\ParagraphTest::testAddElements with data set #1 ('Article', false)
ok 349 - Tests\Unit\Components\Html\ParagraphTest::testAddElements with data set #2 ('Body', false)
ok 350 - Tests\Unit\Components\Html\ParagraphTest::testAddElements with data set #3 ('Div', false)
ok 351 - Tests\Unit\Components\Html\ParagraphTest::testAddElements with data set #4 ('Fieldset', false)
ok 352 - Tests\Unit\Components\Html\ParagraphTest::testAddElements with data set #5 ('Footer', false)
ok 353 - Tests\Unit\Components\Html\ParagraphTest::testAddElements with data set #6 ('Form', false)
ok 354 - Tests\Unit\Components\Html\ParagraphTest::testAddElements with data set #7 ('Button', false)
ok 355 - Tests\Unit\Components\Html\ParagraphTest::testAddElements with data set #8 ('Head', false)
ok 356 - Tests\Unit\Components\Html\ParagraphTest::testAddElements with data set #9 ('Header', false)
ok 357 - Tests\Unit\Components\Html\ParagraphTest::testAddElements with data set #10 ('Heading', false, array(1))
ok 358 - Tests\Unit\Components\Html\ParagraphTest::testAddElements with data set #11 ('HorizontalRule', false)
ok 359 - Tests\Unit\Components\Html\ParagraphTest::testAddElements with data set #12 ('Image', true)
ok 360 - Tests\Unit\Components\Html\ParagraphTest::testAddElements with data set #13 ('Input', false)
ok 361 - Tests\Unit\Components\Html\ParagraphTest::testAddElements with data set #14 ('Link', false)
ok 362 - Tests\Unit\Components\Html\ParagraphTest::testAddElements with data set #15 ('ListItem', false)
ok 363 - Tests\Unit\Components\Html\ParagraphTest::testAddElements with data set #16 ('Meta', false)
ok 364 - Tests\Unit\Components\Html\ParagraphTest::testAddElements with data set #17 ('Option', false)
ok 365 - Tests\Unit\Components\Html\ParagraphTest::testAddElements with data set #18 ('OrderedList', false)
ok 366 - Tests\Unit\Components\Html\ParagraphTest::testAddElements with data set #19 ('PageBreak', true)
ok 367 - Tests\Unit\Components\Html\ParagraphTest::testAddElements with data set #20 ('Paragraph', false)
ok 368 - Tests\Unit\Components\Html\ParagraphTest::testAddElements with data set #21 ('Script', false)
ok 369 - Tests\Unit\Components\Html\ParagraphTest::testAddElements with data set #22 ('Section', false)
ok 370 - Tests\Unit\Components\Html\ParagraphTest::testAddElements with data set #23 ('Select', false)
ok 371 - Tests\Unit\Components\Html\ParagraphTest::testAddElements with data set #24 ('Span', true)
ok 372 - Tests\Unit\Components\Html\ParagraphTest::testAddElements with data set #25 ('Style', false)
ok 373 - Tests\Unit\Components\Html\ParagraphTest::testAddElements with data set #26 ('Table', false)
ok 374 - Tests\Unit\Components\Html\ParagraphTest::testAddElements with data set #27 ('TableBody', false)
ok 375 - Tests\Unit\Components\Html\ParagraphTest::testAddElements with data set #28 ('TableCell', false)
ok 376 - Tests\Unit\Components\Html\ParagraphTest::testAddElements with data set #29 ('TableHeader', false)
ok 377 - Tests\Unit\Components\Html\ParagraphTest::testAddElements with data set #30 ('TableHeading', false)
ok 378 - Tests\Unit\Components\Html\ParagraphTest::testAddElements with data set #31 ('TableRow', false)
ok 379 - Tests\Unit\Components\Html\ParagraphTest::testAddElements with data set #32 ('Title', false)
ok 380 - Tests\Unit\Components\Html\ParagraphTest::testAddElements with data set #33 ('UnorderedList', false)
ok 381 - Tests\Unit\Components\Html\ParagraphTest::testSetAttributes
ok 382 - Tests\Unit\Components\Html\ParagraphTest::testGetAttributes
ok 383 - Tests\Unit\Components\Html\ParagraphTest::testToString with data set #0 (null, null, array(), array(), 'Paragraph element')
ok 384 - Tests\Unit\Components\Html\ParagraphTest::testToString with data set #1 ('Test', null, array(), array(), 'Paragraph element\n\r    Content: Test')
ok 385 - Tests\Unit\Components\Html\ParagraphTest::testToString with data set #2 (null, 'test', array(), array(), 'Paragraph element\n\r    ID: test')
ok 386 - Tests\Unit\Components\Html\ParagraphTest::testToString with data set #3 (null, null, array('PHPUnit is...', 'fun!'), array(), 'Paragraph element\n\r    Elem.....fun!')
ok 387 - Tests\Unit\Components\Html\ParagraphTest::testToString with data set #4 (null, null, array(), array('test'), 'Paragraph element\n\r    Attr...s=test')
ok 388 - Tests\Unit\Components\Html\ParagraphTest::testToString with data set #5 (1, null, array(), array(), 'Paragraph element\n\r    Content: 1')
ok 389 - Tests\Unit\Components\Html\ParagraphTest::testToString with data set #6 (null, 1, array(), array(), 'Paragraph element\n\r    ID: 1')
ok 390 - Tests\Unit\Components\Html\ParagraphTest::testToHtml with data set #0 (null, null, array(), array(), '<p></p>')
ok 391 - Tests\Unit\Components\Html\ParagraphTest::testToHtml with data set #1 ('Test', null, array(), array(), '<p>Test</p>')
ok 392 - Tests\Unit\Components\Html\ParagraphTest::testToHtml with data set #2 (null, 'test', array(), array(), '<p id="test"></p>')
ok 393 - Tests\Unit\Components\Html\ParagraphTest::testToHtml with data set #3 (null, null, array('PHPUnit is...', 'fun!'), array(), '<p>PHPUnit is...fun!</p>')
ok 394 - Tests\Unit\Components\Html\ParagraphTest::testToHtml with data set #4 (null, null, array(), array('test'), '<p class="test"></p>')
ok 395 - Tests\Unit\Components\Html\ParagraphTest::testToHtml with data set #5 (1, null, array(), array(), '<p>1</p>')
ok 396 - Tests\Unit\Components\Html\ParagraphTest::testToHtml with data set #6 (null, 1, array(), array(), '<p id="1"></p>')
ok 397 - Tests\Unit\Components\Html\ParagraphTest::testAddAttribute
ok 398 - N8G\Grass\BootstrapTest::testRun
ok 399 - N8G\Grass\BootstrapTest::testTearDown
ok 400 - N8G\Grass\BootstrapTest::testCheckSiteSetup
ok 401 - N8G\Grass\BootstrapTest::testErrorHandler with data set #0 (1, 1, 'ERROR', 'error', 'Error handler test!', 'tests/src/BootstrapTests.php', 1, null)
ok 402 - N8G\Grass\BootstrapTest::testErrorHandler with data set #1 (2, 2, 'WARNING', 'warn', 'Error handler test!', 'tests/src/BootstrapTests.php', 1, null)
ok 403 - N8G\Grass\BootstrapTest::testErrorHandler with data set #2 (4, 4, 'PARSE', 'fatal', 'Error handler test!', 'tests/src/BootstrapTests.php', 1, null)
ok 404 - N8G\Grass\BootstrapTest::testErrorHandler with data set #3 (8, 8, 'NOTICE', 'warn', 'Error handler test!', 'tests/src/BootstrapTests.php', 1, null)
ok 405 - N8G\Grass\BootstrapTest::testErrorHandler with data set #4 (16, 16, 'CORE ERROR', 'fatal', 'Error handler test!', 'tests/src/BootstrapTests.php', 1, null)
ok 406 - N8G\Grass\BootstrapTest::testErrorHandler with data set #5 (32, 32, 'CORE WARNING', 'warn', 'Error handler test!', 'tests/src/BootstrapTests.php', 1, null)
ok 407 - N8G\Grass\BootstrapTest::testErrorHandler with data set #6 (64, 64, 'COMPILE ERROR', 'fatal', 'Error handler test!', 'tests/src/BootstrapTests.php', 1, null)
ok 408 - N8G\Grass\BootstrapTest::testErrorHandler with data set #7 (128, 128, 'COMPILE WARNING', 'warn', 'Error handler test!', 'tests/src/BootstrapTests.php', 1, null)
ok 409 - N8G\Grass\BootstrapTest::testErrorHandler with data set #8 (256, 256, 'USER ERROR', 'error', 'Error handler test!', 'tests/src/BootstrapTests.php', 1, null)
ok 410 - N8G\Grass\BootstrapTest::testErrorHandler with data set #9 (512, 512, 'USER WARNING', 'warn', 'Error handler test!', 'tests/src/BootstrapTests.php', 1, null)
ok 411 - N8G\Grass\BootstrapTest::testErrorHandler with data set #10 (1024, 1024, 'USER NOTICE', 'warn', 'Error handler test!', 'tests/src/BootstrapTests.php', 1, null)
ok 412 - N8G\Grass\BootstrapTest::testErrorHandler with data set #11 (2048, 2048, 'STRICT', 'warn', 'Error handler test!', 'tests/src/BootstrapTests.php', 1, null)
ok 413 - N8G\Grass\BootstrapTest::testErrorHandler with data set #12 (4096, 4096, 'RECOVERABLE', 'error', 'Error handler test!', 'tests/src/BootstrapTests.php', 1, null)
ok 414 - N8G\Grass\BootstrapTest::testErrorHandler with data set #13 (8192, 8192, 'DEPRECATED', 'error', 'Error handler test!', 'tests/src/BootstrapTests.php', 1, null)
ok 415 - N8G\Grass\BootstrapTest::testErrorHandler with data set #14 (16384, 16384, 'USER DEPRECATED', 'error', 'Error handler test!', 'tests/src/BootstrapTests.php', 1, null)
ok 416 - N8G\Grass\BootstrapTest::testErrorHandler with data set #15 (0, 'default', 'UNKNOWN (0)', 'error', 'Error handler test!', 'tests/src/BootstrapTests.php', 1, null)
ok 417 - N8G\Grass\BootstrapTest::testGetMethod with data set #0 (1, 1, 'ERROR', 'error', 'Error handler test!', 'tests/src/BootstrapTests.php', 1, null)
ok 418 - N8G\Grass\BootstrapTest::testGetMethod with data set #1 (2, 2, 'WARNING', 'warn', 'Error handler test!', 'tests/src/BootstrapTests.php', 1, null)
ok 419 - N8G\Grass\BootstrapTest::testGetMethod with data set #2 (4, 4, 'PARSE', 'fatal', 'Error handler test!', 'tests/src/BootstrapTests.php', 1, null)
ok 420 - N8G\Grass\BootstrapTest::testGetMethod with data set #3 (8, 8, 'NOTICE', 'warn', 'Error handler test!', 'tests/src/BootstrapTests.php', 1, null)
ok 421 - N8G\Grass\BootstrapTest::testGetMethod with data set #4 (16, 16, 'CORE ERROR', 'fatal', 'Error handler test!', 'tests/src/BootstrapTests.php', 1, null)
ok 422 - N8G\Grass\BootstrapTest::testGetMethod with data set #5 (32, 32, 'CORE WARNING', 'warn', 'Error handler test!', 'tests/src/BootstrapTests.php', 1, null)
ok 423 - N8G\Grass\BootstrapTest::testGetMethod with data set #6 (64, 64, 'COMPILE ERROR', 'fatal', 'Error handler test!', 'tests/src/BootstrapTests.php', 1, null)
ok 424 - N8G\Grass\BootstrapTest::testGetMethod with data set #7 (128, 128, 'COMPILE WARNING', 'warn', 'Error handler test!', 'tests/src/BootstrapTests.php', 1, null)
ok 425 - N8G\Grass\BootstrapTest::testGetMethod with data set #8 (256, 256, 'USER ERROR', 'error', 'Error handler test!', 'tests/src/BootstrapTests.php', 1, null)
ok 426 - N8G\Grass\BootstrapTest::testGetMethod with data set #9 (512, 512, 'USER WARNING', 'warn', 'Error handler test!', 'tests/src/BootstrapTests.php', 1, null)
ok 427 - N8G\Grass\BootstrapTest::testGetMethod with data set #10 (1024, 1024, 'USER NOTICE', 'warn', 'Error handler test!', 'tests/src/BootstrapTests.php', 1, null)
ok 428 - N8G\Grass\BootstrapTest::testGetMethod with data set #11 (2048, 2048, 'STRICT', 'warn', 'Error handler test!', 'tests/src/BootstrapTests.php', 1, null)
ok 429 - N8G\Grass\BootstrapTest::testGetMethod with data set #12 (4096, 4096, 'RECOVERABLE', 'error', 'Error handler test!', 'tests/src/BootstrapTests.php', 1, null)
ok 430 - N8G\Grass\BootstrapTest::testGetMethod with data set #13 (8192, 8192, 'DEPRECATED', 'error', 'Error handler test!', 'tests/src/BootstrapTests.php', 1, null)
ok 431 - N8G\Grass\BootstrapTest::testGetMethod with data set #14 (16384, 16384, 'USER DEPRECATED', 'error', 'Error handler test!', 'tests/src/BootstrapTests.php', 1, null)
ok 432 - N8G\Grass\BootstrapTest::testGetMethod with data set #15 (0, 'default', 'UNKNOWN (0)', 'error', 'Error handler test!', 'tests/src/BootstrapTests.php', 1, null)
ok 433 - N8G\Grass\BootstrapTest::testGetType with data set #0 (1, 1, 'ERROR', 'error', 'Error handler test!', 'tests/src/BootstrapTests.php', 1, null)
ok 434 - N8G\Grass\BootstrapTest::testGetType with data set #1 (2, 2, 'WARNING', 'warn', 'Error handler test!', 'tests/src/BootstrapTests.php', 1, null)
ok 435 - N8G\Grass\BootstrapTest::testGetType with data set #2 (4, 4, 'PARSE', 'fatal', 'Error handler test!', 'tests/src/BootstrapTests.php', 1, null)
ok 436 - N8G\Grass\BootstrapTest::testGetType with data set #3 (8, 8, 'NOTICE', 'warn', 'Error handler test!', 'tests/src/BootstrapTests.php', 1, null)
ok 437 - N8G\Grass\BootstrapTest::testGetType with data set #4 (16, 16, 'CORE ERROR', 'fatal', 'Error handler test!', 'tests/src/BootstrapTests.php', 1, null)
ok 438 - N8G\Grass\BootstrapTest::testGetType with data set #5 (32, 32, 'CORE WARNING', 'warn', 'Error handler test!', 'tests/src/BootstrapTests.php', 1, null)
ok 439 - N8G\Grass\BootstrapTest::testGetType with data set #6 (64, 64, 'COMPILE ERROR', 'fatal', 'Error handler test!', 'tests/src/BootstrapTests.php', 1, null)
ok 440 - N8G\Grass\BootstrapTest::testGetType with data set #7 (128, 128, 'COMPILE WARNING', 'warn', 'Error handler test!', 'tests/src/BootstrapTests.php', 1, null)
ok 441 - N8G\Grass\BootstrapTest::testGetType with data set #8 (256, 256, 'USER ERROR', 'error', 'Error handler test!', 'tests/src/BootstrapTests.php', 1, null)
ok 442 - N8G\Grass\BootstrapTest::testGetType with data set #9 (512, 512, 'USER WARNING', 'warn', 'Error handler test!', 'tests/src/BootstrapTests.php', 1, null)
ok 443 - N8G\Grass\BootstrapTest::testGetType with data set #10 (1024, 1024, 'USER NOTICE', 'warn', 'Error handler test!', 'tests/src/BootstrapTests.php', 1, null)
ok 444 - N8G\Grass\BootstrapTest::testGetType with data set #11 (2048, 2048, 'STRICT', 'warn', 'Error handler test!', 'tests/src/BootstrapTests.php', 1, null)
ok 445 - N8G\Grass\BootstrapTest::testGetType with data set #12 (4096, 4096, 'RECOVERABLE', 'error', 'Error handler test!', 'tests/src/BootstrapTests.php', 1, null)
ok 446 - N8G\Grass\BootstrapTest::testGetType with data set #13 (8192, 8192, 'DEPRECATED', 'error', 'Error handler test!', 'tests/src/BootstrapTests.php', 1, null)
ok 447 - N8G\Grass\BootstrapTest::testGetType with data set #14 (16384, 16384, 'USER DEPRECATED', 'error', 'Error handler test!', 'tests/src/BootstrapTests.php', 1, null)
ok 448 - N8G\Grass\BootstrapTest::testGetType with data set #15 (0, 'default', 'UNKNOWN (0)', 'error', 'Error handler test!', 'tests/src/BootstrapTests.php', 1, null)
1..448
