TAP version 13
ok 1 - Tests\Unit\Components\Html\AnchorTest::testInstantiation with data set #0 ('This is a test', 'test', array(), array())
ok 2 - Tests\Unit\Components\Html\AnchorTest::testInvalidInstantiation with data set #0 (null, null, 'test', array())
ok 3 - Tests\Unit\Components\Html\AnchorTest::testInvalidInstantiation with data set #1 (null, null, 1, array())
ok 4 - Tests\Unit\Components\Html\AnchorTest::testInvalidInstantiation with data set #2 (null, null, true, array())
ok 5 - Tests\Unit\Components\Html\AnchorTest::testInvalidInstantiation with data set #3 (null, null, array(), 'test')
ok 6 - Tests\Unit\Components\Html\AnchorTest::testInvalidInstantiation with data set #4 (null, null, array(), 1)
ok 7 - Tests\Unit\Components\Html\AnchorTest::testInvalidInstantiation with data set #5 (null, null, array(), false)
ok 8 - Tests\Unit\Components\Html\AnchorTest::testSetContent
ok 9 - Tests\Unit\Components\Html\AnchorTest::testSetId
ok 10 - Tests\Unit\Components\Html\AnchorTest::testSetElements with data set #0 (array('Test'), array('Test'))
ok 11 - Tests\Unit\Components\Html\AnchorTest::testSetElements with data set #1 (array(array('object', 'Head')), array())
ok 12 - Tests\Unit\Components\Html\AnchorTest::testSetElements with data set #2 (array('Test', array('object', 'Head')), array('Test'))
ok 13 - Tests\Unit\Components\Html\AnchorTest::testGetElements with data set #0 (array('Test'), array('Test'))
ok 14 - Tests\Unit\Components\Html\AnchorTest::testGetElements with data set #1 (array(array('object', 'Head')), array())
ok 15 - Tests\Unit\Components\Html\AnchorTest::testGetElements with data set #2 (array('Test', array('object', 'Head')), array('Test'))
ok 16 - Tests\Unit\Components\Html\AnchorTest::testAddElements with data set #0 ('Anchor', false)
ok 17 - Tests\Unit\Components\Html\AnchorTest::testAddElements with data set #1 ('Article', false)
ok 18 - Tests\Unit\Components\Html\AnchorTest::testAddElements with data set #2 ('Body', false)
ok 19 - Tests\Unit\Components\Html\AnchorTest::testAddElements with data set #3 ('Div', true)
ok 20 - Tests\Unit\Components\Html\AnchorTest::testAddElements with data set #4 ('Fieldset', false)
ok 21 - Tests\Unit\Components\Html\AnchorTest::testAddElements with data set #5 ('Footer', false)
ok 22 - Tests\Unit\Components\Html\AnchorTest::testAddElements with data set #6 ('Form', false)
ok 23 - Tests\Unit\Components\Html\AnchorTest::testAddElements with data set #7 ('Button', false)
ok 24 - Tests\Unit\Components\Html\AnchorTest::testAddElements with data set #8 ('Head', false)
ok 25 - Tests\Unit\Components\Html\AnchorTest::testAddElements with data set #9 ('Header', false)
ok 26 - Tests\Unit\Components\Html\AnchorTest::testAddElements with data set #10 ('Heading', true, array(1))
ok 27 - Tests\Unit\Components\Html\AnchorTest::testAddElements with data set #11 ('HorizontalRule', false)
ok 28 - Tests\Unit\Components\Html\AnchorTest::testAddElements with data set #12 ('Image', true)
ok 29 - Tests\Unit\Components\Html\AnchorTest::testAddElements with data set #13 ('Input', false)
ok 30 - Tests\Unit\Components\Html\AnchorTest::testAddElements with data set #14 ('Link', false)
ok 31 - Tests\Unit\Components\Html\AnchorTest::testAddElements with data set #15 ('ListItem', false)
ok 32 - Tests\Unit\Components\Html\AnchorTest::testAddElements with data set #16 ('Meta', false)
ok 33 - Tests\Unit\Components\Html\AnchorTest::testAddElements with data set #17 ('Option', false)
ok 34 - Tests\Unit\Components\Html\AnchorTest::testAddElements with data set #18 ('OrderedList', false)
ok 35 - Tests\Unit\Components\Html\AnchorTest::testAddElements with data set #19 ('PageBreak', true)
ok 36 - Tests\Unit\Components\Html\AnchorTest::testAddElements with data set #20 ('Paragraph', false)
ok 37 - Tests\Unit\Components\Html\AnchorTest::testAddElements with data set #21 ('Script', false)
ok 38 - Tests\Unit\Components\Html\AnchorTest::testAddElements with data set #22 ('Section', false)
ok 39 - Tests\Unit\Components\Html\AnchorTest::testAddElements with data set #23 ('Select', false)
ok 40 - Tests\Unit\Components\Html\AnchorTest::testAddElements with data set #24 ('Span', true)
ok 41 - Tests\Unit\Components\Html\AnchorTest::testAddElements with data set #25 ('Style', false)
ok 42 - Tests\Unit\Components\Html\AnchorTest::testAddElements with data set #26 ('Table', false)
ok 43 - Tests\Unit\Components\Html\AnchorTest::testAddElements with data set #27 ('TableBody', false)
ok 44 - Tests\Unit\Components\Html\AnchorTest::testAddElements with data set #28 ('TableCell', false)
ok 45 - Tests\Unit\Components\Html\AnchorTest::testAddElements with data set #29 ('TableHeader', false)
ok 46 - Tests\Unit\Components\Html\AnchorTest::testAddElements with data set #30 ('TableHeading', false)
ok 47 - Tests\Unit\Components\Html\AnchorTest::testAddElements with data set #31 ('TableRow', false)
ok 48 - Tests\Unit\Components\Html\AnchorTest::testAddElements with data set #32 ('Title', false)
ok 49 - Tests\Unit\Components\Html\AnchorTest::testAddElements with data set #33 ('UnorderedList', false)
ok 50 - Tests\Unit\Components\Html\AnchorTest::testSetAttributes
ok 51 - Tests\Unit\Components\Html\AnchorTest::testGetAttributes
ok 52 - Tests\Unit\Components\Html\AnchorTest::testToString with data set #0 (null, null, array(), array('#'), 'Anchor element\n\r    Attribu...href=#')
ok 53 - Tests\Unit\Components\Html\AnchorTest::testToString with data set #1 ('Test', null, array(), array('#'), 'Anchor element\n\r    Content...href=#')
ok 54 - Tests\Unit\Components\Html\AnchorTest::testToString with data set #2 (null, 'test', array(), array('#'), 'Anchor element\n\r    ID: tes...href=#')
ok 55 - Tests\Unit\Components\Html\AnchorTest::testToString with data set #3 (null, null, array('PHPUnit is...', 'fun!'), array('#'), 'Anchor element\n\r    Element...href=#')
ok 56 - Tests\Unit\Components\Html\AnchorTest::testToString with data set #4 (null, null, array(), array('test', '#'), 'Anchor element\n\r    Attribu...href=#')
ok 57 - Tests\Unit\Components\Html\AnchorTest::testToString with data set #5 (1, null, array(), array('#'), 'Anchor element\n\r    Content...href=#')
ok 58 - Tests\Unit\Components\Html\AnchorTest::testToString with data set #6 (null, 1, array(), array('#'), 'Anchor element\n\r    ID: 1\n...href=#')
ok 59 - Tests\Unit\Components\Html\AnchorTest::testToHtml with data set #0 (null, null, array(), array('#'), '<a href="#"></a>')
ok 60 - Tests\Unit\Components\Html\AnchorTest::testToHtml with data set #1 ('Test', null, array(), array('#'), '<a href="#">Test</a>')
ok 61 - Tests\Unit\Components\Html\AnchorTest::testToHtml with data set #2 (null, 'test', array(), array('#'), '<a id="test" href="#"></a>')
ok 62 - Tests\Unit\Components\Html\AnchorTest::testToHtml with data set #3 (null, null, array('PHPUnit is...', 'fun!'), array('#'), '<a href="#">PHPUnit is...fun!</a>')
ok 63 - Tests\Unit\Components\Html\AnchorTest::testToHtml with data set #4 (null, null, array(), array('test', '#'), '<a class="test" href="#"></a>')
ok 64 - Tests\Unit\Components\Html\AnchorTest::testToHtml with data set #5 (1, null, array(), array('#'), '<a href="#">1</a>')
ok 65 - Tests\Unit\Components\Html\AnchorTest::testToHtml with data set #6 (null, 1, array(), array('#'), '<a id="1" href="#"></a>')
ok 66 - Tests\Unit\Components\Html\AnchorTest::testAddAttribute
ok 67 - Tests\Unit\Components\Html\ArticleTest::testInstantiation with data set #0 ('This is a test', 'test', array(), array())
ok 68 - Tests\Unit\Components\Html\ArticleTest::testInvalidInstantiation with data set #0 (null, null, 'test', array())
ok 69 - Tests\Unit\Components\Html\ArticleTest::testInvalidInstantiation with data set #1 (null, null, 1, array())
ok 70 - Tests\Unit\Components\Html\ArticleTest::testInvalidInstantiation with data set #2 (null, null, true, array())
ok 71 - Tests\Unit\Components\Html\ArticleTest::testInvalidInstantiation with data set #3 (null, null, array(), 'test')
ok 72 - Tests\Unit\Components\Html\ArticleTest::testInvalidInstantiation with data set #4 (null, null, array(), 1)
ok 73 - Tests\Unit\Components\Html\ArticleTest::testInvalidInstantiation with data set #5 (null, null, array(), false)
ok 74 - Tests\Unit\Components\Html\ArticleTest::testSetContent
ok 75 - Tests\Unit\Components\Html\ArticleTest::testSetId
ok 76 - Tests\Unit\Components\Html\ArticleTest::testSetElements with data set #0 (array('Test'), array('Test'))
ok 77 - Tests\Unit\Components\Html\ArticleTest::testSetElements with data set #1 (array(array('object', 'Head')), array())
ok 78 - Tests\Unit\Components\Html\ArticleTest::testSetElements with data set #2 (array('Test', array('object', 'Head')), array('Test'))
ok 79 - Tests\Unit\Components\Html\ArticleTest::testGetElements with data set #0 (array('Test'), array('Test'))
ok 80 - Tests\Unit\Components\Html\ArticleTest::testGetElements with data set #1 (array(array('object', 'Head')), array())
ok 81 - Tests\Unit\Components\Html\ArticleTest::testGetElements with data set #2 (array('Test', array('object', 'Head')), array('Test'))
ok 82 - Tests\Unit\Components\Html\ArticleTest::testAddElements with data set #0 ('Anchor', true)
ok 83 - Tests\Unit\Components\Html\ArticleTest::testAddElements with data set #1 ('Article', true)
ok 84 - Tests\Unit\Components\Html\ArticleTest::testAddElements with data set #2 ('Body', false)
ok 85 - Tests\Unit\Components\Html\ArticleTest::testAddElements with data set #3 ('Div', true)
ok 86 - Tests\Unit\Components\Html\ArticleTest::testAddElements with data set #4 ('Fieldset', false)
ok 87 - Tests\Unit\Components\Html\ArticleTest::testAddElements with data set #5 ('Footer', true)
ok 88 - Tests\Unit\Components\Html\ArticleTest::testAddElements with data set #6 ('Form', true)
ok 89 - Tests\Unit\Components\Html\ArticleTest::testAddElements with data set #7 ('Button', true)
ok 90 - Tests\Unit\Components\Html\ArticleTest::testAddElements with data set #8 ('Head', false)
ok 91 - Tests\Unit\Components\Html\ArticleTest::testAddElements with data set #9 ('Header', true)
ok 92 - Tests\Unit\Components\Html\ArticleTest::testAddElements with data set #10 ('Heading', true, array(1))
ok 93 - Tests\Unit\Components\Html\ArticleTest::testAddElements with data set #11 ('HorizontalRule', true)
ok 94 - Tests\Unit\Components\Html\ArticleTest::testAddElements with data set #12 ('Image', true)
ok 95 - Tests\Unit\Components\Html\ArticleTest::testAddElements with data set #13 ('Input', false)
ok 96 - Tests\Unit\Components\Html\ArticleTest::testAddElements with data set #14 ('Link', false)
ok 97 - Tests\Unit\Components\Html\ArticleTest::testAddElements with data set #15 ('ListItem', false)
ok 98 - Tests\Unit\Components\Html\ArticleTest::testAddElements with data set #16 ('Meta', false)
ok 99 - Tests\Unit\Components\Html\ArticleTest::testAddElements with data set #17 ('Option', false)
ok 100 - Tests\Unit\Components\Html\ArticleTest::testAddElements with data set #18 ('OrderedList', true)
ok 101 - Tests\Unit\Components\Html\ArticleTest::testAddElements with data set #19 ('PageBreak', false)
ok 102 - Tests\Unit\Components\Html\ArticleTest::testAddElements with data set #20 ('Paragraph', true)
ok 103 - Tests\Unit\Components\Html\ArticleTest::testAddElements with data set #21 ('Script', false)
ok 104 - Tests\Unit\Components\Html\ArticleTest::testAddElements with data set #22 ('Section', false)
ok 105 - Tests\Unit\Components\Html\ArticleTest::testAddElements with data set #23 ('Select', false)
ok 106 - Tests\Unit\Components\Html\ArticleTest::testAddElements with data set #24 ('Span', true)
ok 107 - Tests\Unit\Components\Html\ArticleTest::testAddElements with data set #25 ('Style', false)
ok 108 - Tests\Unit\Components\Html\ArticleTest::testAddElements with data set #26 ('Table', true)
ok 109 - Tests\Unit\Components\Html\ArticleTest::testAddElements with data set #27 ('TableBody', false)
ok 110 - Tests\Unit\Components\Html\ArticleTest::testAddElements with data set #28 ('TableCell', false)
ok 111 - Tests\Unit\Components\Html\ArticleTest::testAddElements with data set #29 ('TableHeader', false)
ok 112 - Tests\Unit\Components\Html\ArticleTest::testAddElements with data set #30 ('TableHeading', false)
ok 113 - Tests\Unit\Components\Html\ArticleTest::testAddElements with data set #31 ('TableRow', false)
ok 114 - Tests\Unit\Components\Html\ArticleTest::testAddElements with data set #32 ('Title', false)
ok 115 - Tests\Unit\Components\Html\ArticleTest::testAddElements with data set #33 ('UnorderedList', true)
ok 116 - Tests\Unit\Components\Html\ArticleTest::testSetAttributes
ok 117 - Tests\Unit\Components\Html\ArticleTest::testGetAttributes
ok 118 - Tests\Unit\Components\Html\ArticleTest::testToString with data set #0 (null, null, array(), array(), 'Article element')
ok 119 - Tests\Unit\Components\Html\ArticleTest::testToString with data set #1 ('Test', null, array(), array(), 'Article element\n\r    Content: Test')
ok 120 - Tests\Unit\Components\Html\ArticleTest::testToString with data set #2 (null, 'test', array(), array(), 'Article element\n\r    ID: test')
ok 121 - Tests\Unit\Components\Html\ArticleTest::testToString with data set #3 (null, null, array('PHPUnit is...', 'fun!'), array(), 'Article element\n\r    Elemen.....fun!')
ok 122 - Tests\Unit\Components\Html\ArticleTest::testToString with data set #4 (null, null, array(), array('test'), 'Article element\n\r    Attrib...s=test')
ok 123 - Tests\Unit\Components\Html\ArticleTest::testToString with data set #5 (1, null, array(), array(), 'Article element\n\r    Content: 1')
ok 124 - Tests\Unit\Components\Html\ArticleTest::testToString with data set #6 (null, 1, array(), array(), 'Article element\n\r    ID: 1')
ok 125 - Tests\Unit\Components\Html\ArticleTest::testToHtml with data set #0 (null, null, array(), array(), '<article></article>')
ok 126 - Tests\Unit\Components\Html\ArticleTest::testToHtml with data set #1 ('Test', null, array(), array(), '<article>Test</article>')
ok 127 - Tests\Unit\Components\Html\ArticleTest::testToHtml with data set #2 (null, 'test', array(), array(), '<article id="test"></article>')
ok 128 - Tests\Unit\Components\Html\ArticleTest::testToHtml with data set #3 (null, null, array('PHPUnit is...', 'fun!'), array(), '<article>PHPUnit is...fun!</article>')
ok 129 - Tests\Unit\Components\Html\ArticleTest::testToHtml with data set #4 (null, null, array(), array('test'), '<article class="test"></article>')
ok 130 - Tests\Unit\Components\Html\ArticleTest::testToHtml with data set #5 (1, null, array(), array(), '<article>1</article>')
ok 131 - Tests\Unit\Components\Html\ArticleTest::testToHtml with data set #6 (null, 1, array(), array(), '<article id="1"></article>')
ok 132 - Tests\Unit\Components\Html\ArticleTest::testAddAttribute
ok 133 - Tests\Unit\Components\Html\BodyTest::testInstantiation with data set #0 ('This is a test', 'test', array(), array())
ok 134 - Tests\Unit\Components\Html\BodyTest::testInvalidInstantiation with data set #0 (null, null, 'test', array())
ok 135 - Tests\Unit\Components\Html\BodyTest::testInvalidInstantiation with data set #1 (null, null, 1, array())
ok 136 - Tests\Unit\Components\Html\BodyTest::testInvalidInstantiation with data set #2 (null, null, true, array())
ok 137 - Tests\Unit\Components\Html\BodyTest::testInvalidInstantiation with data set #3 (null, null, array(), 'test')
ok 138 - Tests\Unit\Components\Html\BodyTest::testInvalidInstantiation with data set #4 (null, null, array(), 1)
ok 139 - Tests\Unit\Components\Html\BodyTest::testInvalidInstantiation with data set #5 (null, null, array(), false)
ok 140 - Tests\Unit\Components\Html\BodyTest::testSetContent
ok 141 - Tests\Unit\Components\Html\BodyTest::testSetId
ok 142 - Tests\Unit\Components\Html\BodyTest::testSetElements with data set #0 (array('Test'), array('Test'))
ok 143 - Tests\Unit\Components\Html\BodyTest::testSetElements with data set #1 (array(array('object', 'Head')), array())
ok 144 - Tests\Unit\Components\Html\BodyTest::testSetElements with data set #2 (array('Test', array('object', 'Head')), array('Test'))
ok 145 - Tests\Unit\Components\Html\BodyTest::testGetElements with data set #0 (array('Test'), array('Test'))
ok 146 - Tests\Unit\Components\Html\BodyTest::testGetElements with data set #1 (array(array('object', 'Head')), array())
ok 147 - Tests\Unit\Components\Html\BodyTest::testGetElements with data set #2 (array('Test', array('object', 'Head')), array('Test'))
ok 148 - Tests\Unit\Components\Html\BodyTest::testAddElements with data set #0 ('Anchor', true)
ok 149 - Tests\Unit\Components\Html\BodyTest::testAddElements with data set #1 ('Article', true)
ok 150 - Tests\Unit\Components\Html\BodyTest::testAddElements with data set #2 ('Body', false)
ok 151 - Tests\Unit\Components\Html\BodyTest::testAddElements with data set #3 ('Div', true)
ok 152 - Tests\Unit\Components\Html\BodyTest::testAddElements with data set #4 ('Fieldset', false)
ok 153 - Tests\Unit\Components\Html\BodyTest::testAddElements with data set #5 ('Footer', true)
ok 154 - Tests\Unit\Components\Html\BodyTest::testAddElements with data set #6 ('Form', true)
ok 155 - Tests\Unit\Components\Html\BodyTest::testAddElements with data set #7 ('Button', true)
ok 156 - Tests\Unit\Components\Html\BodyTest::testAddElements with data set #8 ('Head', false)
ok 157 - Tests\Unit\Components\Html\BodyTest::testAddElements with data set #9 ('Header', true)
ok 158 - Tests\Unit\Components\Html\BodyTest::testAddElements with data set #10 ('Heading', true, array(1))
ok 159 - Tests\Unit\Components\Html\BodyTest::testAddElements with data set #11 ('HorizontalRule', true)
ok 160 - Tests\Unit\Components\Html\BodyTest::testAddElements with data set #12 ('Image', true)
ok 161 - Tests\Unit\Components\Html\BodyTest::testAddElements with data set #13 ('Input', false)
ok 162 - Tests\Unit\Components\Html\BodyTest::testAddElements with data set #14 ('Link', true)
ok 163 - Tests\Unit\Components\Html\BodyTest::testAddElements with data set #15 ('ListItem', false)
ok 164 - Tests\Unit\Components\Html\BodyTest::testAddElements with data set #16 ('Meta', false)
ok 165 - Tests\Unit\Components\Html\BodyTest::testAddElements with data set #17 ('Option', false)
ok 166 - Tests\Unit\Components\Html\BodyTest::testAddElements with data set #18 ('OrderedList', true)
ok 167 - Tests\Unit\Components\Html\BodyTest::testAddElements with data set #19 ('PageBreak', false)
ok 168 - Tests\Unit\Components\Html\BodyTest::testAddElements with data set #20 ('Paragraph', true)
ok 169 - Tests\Unit\Components\Html\BodyTest::testAddElements with data set #21 ('Script', true)
ok 170 - Tests\Unit\Components\Html\BodyTest::testAddElements with data set #22 ('Section', true)
ok 171 - Tests\Unit\Components\Html\BodyTest::testAddElements with data set #23 ('Select', true)
ok 172 - Tests\Unit\Components\Html\BodyTest::testAddElements with data set #24 ('Span', true)
ok 173 - Tests\Unit\Components\Html\BodyTest::testAddElements with data set #25 ('Style', false)
ok 174 - Tests\Unit\Components\Html\BodyTest::testAddElements with data set #26 ('Table', true)
ok 175 - Tests\Unit\Components\Html\BodyTest::testAddElements with data set #27 ('TableBody', false)
ok 176 - Tests\Unit\Components\Html\BodyTest::testAddElements with data set #28 ('TableCell', false)
ok 177 - Tests\Unit\Components\Html\BodyTest::testAddElements with data set #29 ('TableHeader', false)
ok 178 - Tests\Unit\Components\Html\BodyTest::testAddElements with data set #30 ('TableHeading', false)
ok 179 - Tests\Unit\Components\Html\BodyTest::testAddElements with data set #31 ('TableRow', false)
ok 180 - Tests\Unit\Components\Html\BodyTest::testAddElements with data set #32 ('Title', false)
ok 181 - Tests\Unit\Components\Html\BodyTest::testAddElements with data set #33 ('UnorderedList', true)
ok 182 - Tests\Unit\Components\Html\BodyTest::testSetAttributes
ok 183 - Tests\Unit\Components\Html\BodyTest::testGetAttributes
ok 184 - Tests\Unit\Components\Html\BodyTest::testToString with data set #0 (null, null, array(), array(), 'Body element')
ok 185 - Tests\Unit\Components\Html\BodyTest::testToString with data set #1 ('Test', null, array(), array(), 'Body element\n\r    Content: Test')
ok 186 - Tests\Unit\Components\Html\BodyTest::testToString with data set #2 (null, 'test', array(), array(), 'Body element\n\r    ID: test')
ok 187 - Tests\Unit\Components\Html\BodyTest::testToString with data set #3 (null, null, array('PHPUnit is...', 'fun!'), array(), 'Body element\n\r    Elements:.....fun!')
ok 188 - Tests\Unit\Components\Html\BodyTest::testToString with data set #4 (null, null, array(), array('test'), 'Body element\n\r    Attribute...s=test')
ok 189 - Tests\Unit\Components\Html\BodyTest::testToString with data set #5 (1, null, array(), array(), 'Body element\n\r    Content: 1')
ok 190 - Tests\Unit\Components\Html\BodyTest::testToString with data set #6 (null, 1, array(), array(), 'Body element\n\r    ID: 1')
ok 191 - Tests\Unit\Components\Html\BodyTest::testToHtml with data set #0 (null, null, array(), array(), '<body></body>')
ok 192 - Tests\Unit\Components\Html\BodyTest::testToHtml with data set #1 ('Test', null, array(), array(), '<body>Test</body>')
ok 193 - Tests\Unit\Components\Html\BodyTest::testToHtml with data set #2 (null, 'test', array(), array(), '<body id="test"></body>')
ok 194 - Tests\Unit\Components\Html\BodyTest::testToHtml with data set #3 (null, null, array('PHPUnit is...', 'fun!'), array(), '<body>PHPUnit is...fun!</body>')
ok 195 - Tests\Unit\Components\Html\BodyTest::testToHtml with data set #4 (null, null, array(), array('test'), '<body class="test"></body>')
ok 196 - Tests\Unit\Components\Html\BodyTest::testToHtml with data set #5 (1, null, array(), array(), '<body>1</body>')
ok 197 - Tests\Unit\Components\Html\BodyTest::testToHtml with data set #6 (null, 1, array(), array(), '<body id="1"></body>')
ok 198 - Tests\Unit\Components\Html\BodyTest::testAddAttribute
ok 199 - Tests\Unit\Components\Html\ButtonTest::testInstantiation with data set #0 ('This is a test', 'test', array(), array())
ok 200 - Tests\Unit\Components\Html\ButtonTest::testInvalidInstantiation with data set #0 (null, null, 'test', array())
ok 201 - Tests\Unit\Components\Html\ButtonTest::testInvalidInstantiation with data set #1 (null, null, 1, array())
ok 202 - Tests\Unit\Components\Html\ButtonTest::testInvalidInstantiation with data set #2 (null, null, true, array())
ok 203 - Tests\Unit\Components\Html\ButtonTest::testInvalidInstantiation with data set #3 (null, null, array(), 'test')
ok 204 - Tests\Unit\Components\Html\ButtonTest::testInvalidInstantiation with data set #4 (null, null, array(), 1)
ok 205 - Tests\Unit\Components\Html\ButtonTest::testInvalidInstantiation with data set #5 (null, null, array(), false)
ok 206 - Tests\Unit\Components\Html\ButtonTest::testSetContent
ok 207 - Tests\Unit\Components\Html\ButtonTest::testSetId
ok 208 - Tests\Unit\Components\Html\ButtonTest::testSetElements with data set #0 (array('Test'), array('Test'))
ok 209 - Tests\Unit\Components\Html\ButtonTest::testSetElements with data set #1 (array(array('object', 'Head')), array())
ok 210 - Tests\Unit\Components\Html\ButtonTest::testSetElements with data set #2 (array('Test', array('object', 'Head')), array('Test'))
ok 211 - Tests\Unit\Components\Html\ButtonTest::testGetElements with data set #0 (array('Test'), array('Test'))
ok 212 - Tests\Unit\Components\Html\ButtonTest::testGetElements with data set #1 (array(array('object', 'Head')), array())
ok 213 - Tests\Unit\Components\Html\ButtonTest::testGetElements with data set #2 (array('Test', array('object', 'Head')), array('Test'))
ok 214 - Tests\Unit\Components\Html\ButtonTest::testAddElements with data set #0 ('Anchor', false)
ok 215 - Tests\Unit\Components\Html\ButtonTest::testAddElements with data set #1 ('Article', false)
ok 216 - Tests\Unit\Components\Html\ButtonTest::testAddElements with data set #2 ('Body', false)
ok 217 - Tests\Unit\Components\Html\ButtonTest::testAddElements with data set #3 ('Div', false)
ok 218 - Tests\Unit\Components\Html\ButtonTest::testAddElements with data set #4 ('Fieldset', false)
ok 219 - Tests\Unit\Components\Html\ButtonTest::testAddElements with data set #5 ('Footer', false)
ok 220 - Tests\Unit\Components\Html\ButtonTest::testAddElements with data set #6 ('Form', false)
ok 221 - Tests\Unit\Components\Html\ButtonTest::testAddElements with data set #7 ('Button', false)
ok 222 - Tests\Unit\Components\Html\ButtonTest::testAddElements with data set #8 ('Head', false)
ok 223 - Tests\Unit\Components\Html\ButtonTest::testAddElements with data set #9 ('Header', false)
ok 224 - Tests\Unit\Components\Html\ButtonTest::testAddElements with data set #10 ('Heading', false, array(1))
ok 225 - Tests\Unit\Components\Html\ButtonTest::testAddElements with data set #11 ('HorizontalRule', false)
ok 226 - Tests\Unit\Components\Html\ButtonTest::testAddElements with data set #12 ('Image', true)
ok 227 - Tests\Unit\Components\Html\ButtonTest::testAddElements with data set #13 ('Input', false)
ok 228 - Tests\Unit\Components\Html\ButtonTest::testAddElements with data set #14 ('Link', false)
ok 229 - Tests\Unit\Components\Html\ButtonTest::testAddElements with data set #15 ('ListItem', false)
ok 230 - Tests\Unit\Components\Html\ButtonTest::testAddElements with data set #16 ('Meta', false)
ok 231 - Tests\Unit\Components\Html\ButtonTest::testAddElements with data set #17 ('Option', false)
ok 232 - Tests\Unit\Components\Html\ButtonTest::testAddElements with data set #18 ('OrderedList', false)
ok 233 - Tests\Unit\Components\Html\ButtonTest::testAddElements with data set #19 ('PageBreak', false)
ok 234 - Tests\Unit\Components\Html\ButtonTest::testAddElements with data set #20 ('Paragraph', false)
ok 235 - Tests\Unit\Components\Html\ButtonTest::testAddElements with data set #21 ('Script', false)
ok 236 - Tests\Unit\Components\Html\ButtonTest::testAddElements with data set #22 ('Section', false)
ok 237 - Tests\Unit\Components\Html\ButtonTest::testAddElements with data set #23 ('Select', false)
ok 238 - Tests\Unit\Components\Html\ButtonTest::testAddElements with data set #24 ('Span', true)
ok 239 - Tests\Unit\Components\Html\ButtonTest::testAddElements with data set #25 ('Style', false)
ok 240 - Tests\Unit\Components\Html\ButtonTest::testAddElements with data set #26 ('Table', false)
ok 241 - Tests\Unit\Components\Html\ButtonTest::testAddElements with data set #27 ('TableBody', false)
ok 242 - Tests\Unit\Components\Html\ButtonTest::testAddElements with data set #28 ('TableCell', false)
ok 243 - Tests\Unit\Components\Html\ButtonTest::testAddElements with data set #29 ('TableHeader', false)
ok 244 - Tests\Unit\Components\Html\ButtonTest::testAddElements with data set #30 ('TableHeading', false)
ok 245 - Tests\Unit\Components\Html\ButtonTest::testAddElements with data set #31 ('TableRow', false)
ok 246 - Tests\Unit\Components\Html\ButtonTest::testAddElements with data set #32 ('Title', false)
ok 247 - Tests\Unit\Components\Html\ButtonTest::testAddElements with data set #33 ('UnorderedList', false)
ok 248 - Tests\Unit\Components\Html\ButtonTest::testSetAttributes
ok 249 - Tests\Unit\Components\Html\ButtonTest::testGetAttributes
ok 250 - Tests\Unit\Components\Html\ButtonTest::testToString with data set #0 (null, null, array(), array('button'), 'Button element\n\r    Attribu...button')
ok 251 - Tests\Unit\Components\Html\ButtonTest::testToString with data set #1 ('Test', null, array(), array('button'), 'Button element\n\r    Content...button')
ok 252 - Tests\Unit\Components\Html\ButtonTest::testToString with data set #2 (null, 'test', array(), array('button'), 'Button element\n\r    ID: tes...button')
ok 253 - Tests\Unit\Components\Html\ButtonTest::testToString with data set #3 (null, null, array('PHPUnit is...', 'fun!'), array('button'), 'Button element\n\r    Element...button')
ok 254 - Tests\Unit\Components\Html\ButtonTest::testToString with data set #4 (null, null, array(), array('test', 'button'), 'Button element\n\r    Attribu...button')
ok 255 - Tests\Unit\Components\Html\ButtonTest::testToString with data set #5 (1, null, array(), array('button'), 'Button element\n\r    Content...button')
ok 256 - Tests\Unit\Components\Html\ButtonTest::testToString with data set #6 (null, 1, array(), array('button'), 'Button element\n\r    ID: 1\n...button')
ok 257 - Tests\Unit\Components\Html\ButtonTest::testToHtml with data set #0 (null, null, array(), array('button'), '<button type="button"></button>')
ok 258 - Tests\Unit\Components\Html\ButtonTest::testToHtml with data set #1 ('Test', null, array(), array('button'), '<button type="button">Test</button>')
ok 259 - Tests\Unit\Components\Html\ButtonTest::testToHtml with data set #2 (null, 'test', array(), array('button'), '<button id="test" type="butto...utton>')
ok 260 - Tests\Unit\Components\Html\ButtonTest::testToHtml with data set #3 (null, null, array('PHPUnit is...', 'fun!'), array('button'), '<button type="button">PHPUnit...utton>')
ok 261 - Tests\Unit\Components\Html\ButtonTest::testToHtml with data set #4 (null, null, array(), array('test', 'button'), '<button class="test" type="bu...utton>')
ok 262 - Tests\Unit\Components\Html\ButtonTest::testToHtml with data set #5 (1, null, array(), array('button'), '<button type="button">1</button>')
ok 263 - Tests\Unit\Components\Html\ButtonTest::testToHtml with data set #6 (null, 1, array(), array('button'), '<button id="1" type="button"></button>')
ok 264 - Tests\Unit\Components\Html\ButtonTest::testAddAttribute
ok 265 - Tests\Unit\Components\Html\ButtonTest::testValidateAttributes
ok 266 - Tests\Unit\Components\Html\DivTest::testInstantiation with data set #0 ('This is a test', 'test', array(), array())
ok 267 - Tests\Unit\Components\Html\DivTest::testInvalidInstantiation with data set #0 (null, null, 'test', array())
ok 268 - Tests\Unit\Components\Html\DivTest::testInvalidInstantiation with data set #1 (null, null, 1, array())
ok 269 - Tests\Unit\Components\Html\DivTest::testInvalidInstantiation with data set #2 (null, null, true, array())
ok 270 - Tests\Unit\Components\Html\DivTest::testInvalidInstantiation with data set #3 (null, null, array(), 'test')
ok 271 - Tests\Unit\Components\Html\DivTest::testInvalidInstantiation with data set #4 (null, null, array(), 1)
ok 272 - Tests\Unit\Components\Html\DivTest::testInvalidInstantiation with data set #5 (null, null, array(), false)
ok 273 - Tests\Unit\Components\Html\DivTest::testSetContent
ok 274 - Tests\Unit\Components\Html\DivTest::testSetId
ok 275 - Tests\Unit\Components\Html\DivTest::testSetElements with data set #0 (array('Test'), array('Test'))
ok 276 - Tests\Unit\Components\Html\DivTest::testSetElements with data set #1 (array(array('object', 'Head')), array())
ok 277 - Tests\Unit\Components\Html\DivTest::testSetElements with data set #2 (array('Test', array('object', 'Head')), array('Test'))
ok 278 - Tests\Unit\Components\Html\DivTest::testGetElements with data set #0 (array('Test'), array('Test'))
ok 279 - Tests\Unit\Components\Html\DivTest::testGetElements with data set #1 (array(array('object', 'Head')), array())
ok 280 - Tests\Unit\Components\Html\DivTest::testGetElements with data set #2 (array('Test', array('object', 'Head')), array('Test'))
ok 281 - Tests\Unit\Components\Html\DivTest::testAddElements with data set #0 ('Anchor', true)
ok 282 - Tests\Unit\Components\Html\DivTest::testAddElements with data set #1 ('Article', true)
ok 283 - Tests\Unit\Components\Html\DivTest::testAddElements with data set #2 ('Body', false)
ok 284 - Tests\Unit\Components\Html\DivTest::testAddElements with data set #3 ('Div', true)
ok 285 - Tests\Unit\Components\Html\DivTest::testAddElements with data set #4 ('Fieldset', false)
ok 286 - Tests\Unit\Components\Html\DivTest::testAddElements with data set #5 ('Footer', true)
ok 287 - Tests\Unit\Components\Html\DivTest::testAddElements with data set #6 ('Form', true)
ok 288 - Tests\Unit\Components\Html\DivTest::testAddElements with data set #7 ('Button', true)
ok 289 - Tests\Unit\Components\Html\DivTest::testAddElements with data set #8 ('Head', false)
ok 290 - Tests\Unit\Components\Html\DivTest::testAddElements with data set #9 ('Header', true)
ok 291 - Tests\Unit\Components\Html\DivTest::testAddElements with data set #10 ('Heading', true, array(1))
ok 292 - Tests\Unit\Components\Html\DivTest::testAddElements with data set #11 ('HorizontalRule', true)
ok 293 - Tests\Unit\Components\Html\DivTest::testAddElements with data set #12 ('Image', true)
ok 294 - Tests\Unit\Components\Html\DivTest::testAddElements with data set #13 ('Input', false)
ok 295 - Tests\Unit\Components\Html\DivTest::testAddElements with data set #14 ('Link', false)
ok 296 - Tests\Unit\Components\Html\DivTest::testAddElements with data set #15 ('ListItem', false)
ok 297 - Tests\Unit\Components\Html\DivTest::testAddElements with data set #16 ('Meta', false)
ok 298 - Tests\Unit\Components\Html\DivTest::testAddElements with data set #17 ('Option', false)
ok 299 - Tests\Unit\Components\Html\DivTest::testAddElements with data set #18 ('OrderedList', true)
ok 300 - Tests\Unit\Components\Html\DivTest::testAddElements with data set #19 ('PageBreak', false)
ok 301 - Tests\Unit\Components\Html\DivTest::testAddElements with data set #20 ('Paragraph', true)
ok 302 - Tests\Unit\Components\Html\DivTest::testAddElements with data set #21 ('Script', false)
ok 303 - Tests\Unit\Components\Html\DivTest::testAddElements with data set #22 ('Section', true)
ok 304 - Tests\Unit\Components\Html\DivTest::testAddElements with data set #23 ('Select', false)
ok 305 - Tests\Unit\Components\Html\DivTest::testAddElements with data set #24 ('Span', true)
ok 306 - Tests\Unit\Components\Html\DivTest::testAddElements with data set #25 ('Style', false)
ok 307 - Tests\Unit\Components\Html\DivTest::testAddElements with data set #26 ('Table', true)
ok 308 - Tests\Unit\Components\Html\DivTest::testAddElements with data set #27 ('TableBody', false)
ok 309 - Tests\Unit\Components\Html\DivTest::testAddElements with data set #28 ('TableCell', false)
ok 310 - Tests\Unit\Components\Html\DivTest::testAddElements with data set #29 ('TableHeader', false)
ok 311 - Tests\Unit\Components\Html\DivTest::testAddElements with data set #30 ('TableHeading', false)
ok 312 - Tests\Unit\Components\Html\DivTest::testAddElements with data set #31 ('TableRow', false)
ok 313 - Tests\Unit\Components\Html\DivTest::testAddElements with data set #32 ('Title', false)
ok 314 - Tests\Unit\Components\Html\DivTest::testAddElements with data set #33 ('UnorderedList', true)
ok 315 - Tests\Unit\Components\Html\DivTest::testSetAttributes
ok 316 - Tests\Unit\Components\Html\DivTest::testGetAttributes
ok 317 - Tests\Unit\Components\Html\DivTest::testToString with data set #0 (null, null, array(), array(), 'Divisional Tag element')
ok 318 - Tests\Unit\Components\Html\DivTest::testToString with data set #1 ('Test', null, array(), array(), 'Divisional Tag element\n\r   ...: Test')
ok 319 - Tests\Unit\Components\Html\DivTest::testToString with data set #2 (null, 'test', array(), array(), 'Divisional Tag element\n\r    ID: test')
ok 320 - Tests\Unit\Components\Html\DivTest::testToString with data set #3 (null, null, array('PHPUnit is...', 'fun!'), array(), 'Divisional Tag element\n\r   .....fun!')
ok 321 - Tests\Unit\Components\Html\DivTest::testToString with data set #4 (null, null, array(), array('test'), 'Divisional Tag element\n\r   ...s=test')
ok 322 - Tests\Unit\Components\Html\DivTest::testToString with data set #5 (1, null, array(), array(), 'Divisional Tag element\n\r   ...ent: 1')
ok 323 - Tests\Unit\Components\Html\DivTest::testToString with data set #6 (null, 1, array(), array(), 'Divisional Tag element\n\r    ID: 1')
ok 324 - Tests\Unit\Components\Html\DivTest::testToHtml with data set #0 (null, null, array(), array(), '<div></div>')
ok 325 - Tests\Unit\Components\Html\DivTest::testToHtml with data set #1 ('Test', null, array(), array(), '<div>Test</div>')
ok 326 - Tests\Unit\Components\Html\DivTest::testToHtml with data set #2 (null, 'test', array(), array(), '<div id="test"></div>')
ok 327 - Tests\Unit\Components\Html\DivTest::testToHtml with data set #3 (null, null, array('PHPUnit is...', 'fun!'), array(), '<div>PHPUnit is...fun!</div>')
ok 328 - Tests\Unit\Components\Html\DivTest::testToHtml with data set #4 (null, null, array(), array('test'), '<div class="test"></div>')
ok 329 - Tests\Unit\Components\Html\DivTest::testToHtml with data set #5 (1, null, array(), array(), '<div>1</div>')
ok 330 - Tests\Unit\Components\Html\DivTest::testToHtml with data set #6 (null, 1, array(), array(), '<div id="1"></div>')
ok 331 - Tests\Unit\Components\Html\DivTest::testAddAttribute
ok 332 - Tests\Unit\Components\Html\FieldsetTest::testInstantiation with data set #0 ('This is a test', 'test', array(), array())
ok 333 - Tests\Unit\Components\Html\FieldsetTest::testInvalidInstantiation with data set #0 (null, null, 'test', array())
ok 334 - Tests\Unit\Components\Html\FieldsetTest::testInvalidInstantiation with data set #1 (null, null, 1, array())
ok 335 - Tests\Unit\Components\Html\FieldsetTest::testInvalidInstantiation with data set #2 (null, null, true, array())
ok 336 - Tests\Unit\Components\Html\FieldsetTest::testInvalidInstantiation with data set #3 (null, null, array(), 'test')
ok 337 - Tests\Unit\Components\Html\FieldsetTest::testInvalidInstantiation with data set #4 (null, null, array(), 1)
ok 338 - Tests\Unit\Components\Html\FieldsetTest::testInvalidInstantiation with data set #5 (null, null, array(), false)
ok 339 - Tests\Unit\Components\Html\FieldsetTest::testSetContent
ok 340 - Tests\Unit\Components\Html\FieldsetTest::testSetId
ok 341 - Tests\Unit\Components\Html\FieldsetTest::testSetElements with data set #0 (array('Test'), array('Test'))
ok 342 - Tests\Unit\Components\Html\FieldsetTest::testSetElements with data set #1 (array(array('object', 'Head')), array())
ok 343 - Tests\Unit\Components\Html\FieldsetTest::testSetElements with data set #2 (array('Test', array('object', 'Head')), array('Test'))
ok 344 - Tests\Unit\Components\Html\FieldsetTest::testGetElements with data set #0 (array('Test'), array('Test'))
ok 345 - Tests\Unit\Components\Html\FieldsetTest::testGetElements with data set #1 (array(array('object', 'Head')), array())
ok 346 - Tests\Unit\Components\Html\FieldsetTest::testGetElements with data set #2 (array('Test', array('object', 'Head')), array('Test'))
ok 347 - Tests\Unit\Components\Html\FieldsetTest::testAddElements with data set #0 ('Anchor', false)
ok 348 - Tests\Unit\Components\Html\FieldsetTest::testAddElements with data set #1 ('Article', false)
ok 349 - Tests\Unit\Components\Html\FieldsetTest::testAddElements with data set #2 ('Body', false)
ok 350 - Tests\Unit\Components\Html\FieldsetTest::testAddElements with data set #3 ('Div', true)
ok 351 - Tests\Unit\Components\Html\FieldsetTest::testAddElements with data set #4 ('Fieldset', false)
ok 352 - Tests\Unit\Components\Html\FieldsetTest::testAddElements with data set #5 ('Footer', false)
ok 353 - Tests\Unit\Components\Html\FieldsetTest::testAddElements with data set #6 ('Form', false)
ok 354 - Tests\Unit\Components\Html\FieldsetTest::testAddElements with data set #7 ('Button', true)
ok 355 - Tests\Unit\Components\Html\FieldsetTest::testAddElements with data set #8 ('Head', false)
ok 356 - Tests\Unit\Components\Html\FieldsetTest::testAddElements with data set #9 ('Header', false)
ok 357 - Tests\Unit\Components\Html\FieldsetTest::testAddElements with data set #10 ('Heading', true, array(1))
ok 358 - Tests\Unit\Components\Html\FieldsetTest::testAddElements with data set #11 ('HorizontalRule', true)
ok 359 - Tests\Unit\Components\Html\FieldsetTest::testAddElements with data set #12 ('Image', true)
ok 360 - Tests\Unit\Components\Html\FieldsetTest::testAddElements with data set #13 ('Input', true)
ok 361 - Tests\Unit\Components\Html\FieldsetTest::testAddElements with data set #14 ('Link', false)
ok 362 - Tests\Unit\Components\Html\FieldsetTest::testAddElements with data set #15 ('ListItem', false)
ok 363 - Tests\Unit\Components\Html\FieldsetTest::testAddElements with data set #16 ('Meta', false)
ok 364 - Tests\Unit\Components\Html\FieldsetTest::testAddElements with data set #17 ('Option', false)
ok 365 - Tests\Unit\Components\Html\FieldsetTest::testAddElements with data set #18 ('OrderedList', true)
ok 366 - Tests\Unit\Components\Html\FieldsetTest::testAddElements with data set #19 ('PageBreak', false)
ok 367 - Tests\Unit\Components\Html\FieldsetTest::testAddElements with data set #20 ('Paragraph', true)
ok 368 - Tests\Unit\Components\Html\FieldsetTest::testAddElements with data set #21 ('Script', false)
ok 369 - Tests\Unit\Components\Html\FieldsetTest::testAddElements with data set #22 ('Section', false)
ok 370 - Tests\Unit\Components\Html\FieldsetTest::testAddElements with data set #23 ('Select', true)
ok 371 - Tests\Unit\Components\Html\FieldsetTest::testAddElements with data set #24 ('Span', true)
ok 372 - Tests\Unit\Components\Html\FieldsetTest::testAddElements with data set #25 ('Style', false)
ok 373 - Tests\Unit\Components\Html\FieldsetTest::testAddElements with data set #26 ('Table', true)
ok 374 - Tests\Unit\Components\Html\FieldsetTest::testAddElements with data set #27 ('TableBody', false)
ok 375 - Tests\Unit\Components\Html\FieldsetTest::testAddElements with data set #28 ('TableCell', false)
ok 376 - Tests\Unit\Components\Html\FieldsetTest::testAddElements with data set #29 ('TableHeader', false)
ok 377 - Tests\Unit\Components\Html\FieldsetTest::testAddElements with data set #30 ('TableHeading', false)
ok 378 - Tests\Unit\Components\Html\FieldsetTest::testAddElements with data set #31 ('TableRow', false)
ok 379 - Tests\Unit\Components\Html\FieldsetTest::testAddElements with data set #32 ('Title', false)
ok 380 - Tests\Unit\Components\Html\FieldsetTest::testAddElements with data set #33 ('UnorderedList', true)
ok 381 - Tests\Unit\Components\Html\FieldsetTest::testSetAttributes
ok 382 - Tests\Unit\Components\Html\FieldsetTest::testGetAttributes
ok 383 - Tests\Unit\Components\Html\FieldsetTest::testToString with data set #0 (null, null, array(), array(), 'Fieldset element')
ok 384 - Tests\Unit\Components\Html\FieldsetTest::testToString with data set #1 ('Test', null, array(), array(), 'Fieldset element\n\r    Content: Test')
ok 385 - Tests\Unit\Components\Html\FieldsetTest::testToString with data set #2 (null, 'test', array(), array(), 'Fieldset element\n\r    ID: test')
ok 386 - Tests\Unit\Components\Html\FieldsetTest::testToString with data set #3 (null, null, array('PHPUnit is...', 'fun!'), array(), 'Fieldset element\n\r    Eleme.....fun!')
ok 387 - Tests\Unit\Components\Html\FieldsetTest::testToString with data set #4 (null, null, array(), array('test'), 'Fieldset element\n\r    Attri...s=test')
ok 388 - Tests\Unit\Components\Html\FieldsetTest::testToString with data set #5 (1, null, array(), array(), 'Fieldset element\n\r    Content: 1')
ok 389 - Tests\Unit\Components\Html\FieldsetTest::testToString with data set #6 (null, 1, array(), array(), 'Fieldset element\n\r    ID: 1')
ok 390 - Tests\Unit\Components\Html\FieldsetTest::testToHtml with data set #0 (null, null, array(), array(), '<fieldset></fieldset>')
ok 391 - Tests\Unit\Components\Html\FieldsetTest::testToHtml with data set #1 ('Test', null, array(), array(), '<fieldset>Test</fieldset>')
ok 392 - Tests\Unit\Components\Html\FieldsetTest::testToHtml with data set #2 (null, 'test', array(), array(), '<fieldset id="test"></fieldset>')
ok 393 - Tests\Unit\Components\Html\FieldsetTest::testToHtml with data set #3 (null, null, array('PHPUnit is...', 'fun!'), array(), '<fieldset>PHPUnit is...fun!</fieldset>')
ok 394 - Tests\Unit\Components\Html\FieldsetTest::testToHtml with data set #4 (null, null, array(), array('test'), '<fieldset class="test"></fieldset>')
ok 395 - Tests\Unit\Components\Html\FieldsetTest::testToHtml with data set #5 (1, null, array(), array(), '<fieldset>1</fieldset>')
ok 396 - Tests\Unit\Components\Html\FieldsetTest::testToHtml with data set #6 (null, 1, array(), array(), '<fieldset id="1"></fieldset>')
ok 397 - Tests\Unit\Components\Html\FieldsetTest::testAddAttribute
ok 398 - Tests\Unit\Components\Html\FooterTest::testInstantiation with data set #0 ('This is a test', 'test', array(), array())
ok 399 - Tests\Unit\Components\Html\FooterTest::testInvalidInstantiation with data set #0 (null, null, 'test', array())
ok 400 - Tests\Unit\Components\Html\FooterTest::testInvalidInstantiation with data set #1 (null, null, 1, array())
ok 401 - Tests\Unit\Components\Html\FooterTest::testInvalidInstantiation with data set #2 (null, null, true, array())
ok 402 - Tests\Unit\Components\Html\FooterTest::testInvalidInstantiation with data set #3 (null, null, array(), 'test')
ok 403 - Tests\Unit\Components\Html\FooterTest::testInvalidInstantiation with data set #4 (null, null, array(), 1)
ok 404 - Tests\Unit\Components\Html\FooterTest::testInvalidInstantiation with data set #5 (null, null, array(), false)
ok 405 - Tests\Unit\Components\Html\FooterTest::testSetContent
ok 406 - Tests\Unit\Components\Html\FooterTest::testSetId
ok 407 - Tests\Unit\Components\Html\FooterTest::testSetElements with data set #0 (array('Test'), array('Test'))
ok 408 - Tests\Unit\Components\Html\FooterTest::testSetElements with data set #1 (array(array('object', 'Head')), array())
ok 409 - Tests\Unit\Components\Html\FooterTest::testSetElements with data set #2 (array('Test', array('object', 'Head')), array('Test'))
ok 410 - Tests\Unit\Components\Html\FooterTest::testGetElements with data set #0 (array('Test'), array('Test'))
ok 411 - Tests\Unit\Components\Html\FooterTest::testGetElements with data set #1 (array(array('object', 'Head')), array())
ok 412 - Tests\Unit\Components\Html\FooterTest::testGetElements with data set #2 (array('Test', array('object', 'Head')), array('Test'))
ok 413 - Tests\Unit\Components\Html\FooterTest::testAddElements with data set #0 ('Anchor', true)
ok 414 - Tests\Unit\Components\Html\FooterTest::testAddElements with data set #1 ('Article', true)
ok 415 - Tests\Unit\Components\Html\FooterTest::testAddElements with data set #2 ('Body', false)
ok 416 - Tests\Unit\Components\Html\FooterTest::testAddElements with data set #3 ('Div', true)
ok 417 - Tests\Unit\Components\Html\FooterTest::testAddElements with data set #4 ('Fieldset', false)
ok 418 - Tests\Unit\Components\Html\FooterTest::testAddElements with data set #5 ('Footer', false)
ok 419 - Tests\Unit\Components\Html\FooterTest::testAddElements with data set #6 ('Form', true)
ok 420 - Tests\Unit\Components\Html\FooterTest::testAddElements with data set #7 ('Button', true)
ok 421 - Tests\Unit\Components\Html\FooterTest::testAddElements with data set #8 ('Head', false)
ok 422 - Tests\Unit\Components\Html\FooterTest::testAddElements with data set #9 ('Header', true)
ok 423 - Tests\Unit\Components\Html\FooterTest::testAddElements with data set #10 ('Heading', true, array(1))
ok 424 - Tests\Unit\Components\Html\FooterTest::testAddElements with data set #11 ('HorizontalRule', true)
ok 425 - Tests\Unit\Components\Html\FooterTest::testAddElements with data set #12 ('Image', true)
ok 426 - Tests\Unit\Components\Html\FooterTest::testAddElements with data set #13 ('Input', false)
ok 427 - Tests\Unit\Components\Html\FooterTest::testAddElements with data set #14 ('Link', false)
ok 428 - Tests\Unit\Components\Html\FooterTest::testAddElements with data set #15 ('ListItem', false)
ok 429 - Tests\Unit\Components\Html\FooterTest::testAddElements with data set #16 ('Meta', false)
ok 430 - Tests\Unit\Components\Html\FooterTest::testAddElements with data set #17 ('Option', false)
ok 431 - Tests\Unit\Components\Html\FooterTest::testAddElements with data set #18 ('OrderedList', true)
ok 432 - Tests\Unit\Components\Html\FooterTest::testAddElements with data set #19 ('PageBreak', false)
ok 433 - Tests\Unit\Components\Html\FooterTest::testAddElements with data set #20 ('Paragraph', true)
ok 434 - Tests\Unit\Components\Html\FooterTest::testAddElements with data set #21 ('Script', false)
ok 435 - Tests\Unit\Components\Html\FooterTest::testAddElements with data set #22 ('Section', true)
ok 436 - Tests\Unit\Components\Html\FooterTest::testAddElements with data set #23 ('Select', false)
ok 437 - Tests\Unit\Components\Html\FooterTest::testAddElements with data set #24 ('Span', true)
ok 438 - Tests\Unit\Components\Html\FooterTest::testAddElements with data set #25 ('Style', false)
ok 439 - Tests\Unit\Components\Html\FooterTest::testAddElements with data set #26 ('Table', true)
ok 440 - Tests\Unit\Components\Html\FooterTest::testAddElements with data set #27 ('TableBody', false)
ok 441 - Tests\Unit\Components\Html\FooterTest::testAddElements with data set #28 ('TableCell', false)
ok 442 - Tests\Unit\Components\Html\FooterTest::testAddElements with data set #29 ('TableHeader', false)
ok 443 - Tests\Unit\Components\Html\FooterTest::testAddElements with data set #30 ('TableHeading', false)
ok 444 - Tests\Unit\Components\Html\FooterTest::testAddElements with data set #31 ('TableRow', false)
ok 445 - Tests\Unit\Components\Html\FooterTest::testAddElements with data set #32 ('Title', false)
ok 446 - Tests\Unit\Components\Html\FooterTest::testAddElements with data set #33 ('UnorderedList', true)
ok 447 - Tests\Unit\Components\Html\FooterTest::testSetAttributes
ok 448 - Tests\Unit\Components\Html\FooterTest::testGetAttributes
ok 449 - Tests\Unit\Components\Html\FooterTest::testToString with data set #0 (null, null, array(), array(), 'Footer element')
ok 450 - Tests\Unit\Components\Html\FooterTest::testToString with data set #1 ('Test', null, array(), array(), 'Footer element\n\r    Content: Test')
ok 451 - Tests\Unit\Components\Html\FooterTest::testToString with data set #2 (null, 'test', array(), array(), 'Footer element\n\r    ID: test')
ok 452 - Tests\Unit\Components\Html\FooterTest::testToString with data set #3 (null, null, array('PHPUnit is...', 'fun!'), array(), 'Footer element\n\r    Element.....fun!')
ok 453 - Tests\Unit\Components\Html\FooterTest::testToString with data set #4 (null, null, array(), array('test'), 'Footer element\n\r    Attribu...s=test')
ok 454 - Tests\Unit\Components\Html\FooterTest::testToString with data set #5 (1, null, array(), array(), 'Footer element\n\r    Content: 1')
ok 455 - Tests\Unit\Components\Html\FooterTest::testToString with data set #6 (null, 1, array(), array(), 'Footer element\n\r    ID: 1')
ok 456 - Tests\Unit\Components\Html\FooterTest::testToHtml with data set #0 (null, null, array(), array(), '<footer></footer>')
ok 457 - Tests\Unit\Components\Html\FooterTest::testToHtml with data set #1 ('Test', null, array(), array(), '<footer>Test</footer>')
ok 458 - Tests\Unit\Components\Html\FooterTest::testToHtml with data set #2 (null, 'test', array(), array(), '<footer id="test"></footer>')
ok 459 - Tests\Unit\Components\Html\FooterTest::testToHtml with data set #3 (null, null, array('PHPUnit is...', 'fun!'), array(), '<footer>PHPUnit is...fun!</footer>')
ok 460 - Tests\Unit\Components\Html\FooterTest::testToHtml with data set #4 (null, null, array(), array('test'), '<footer class="test"></footer>')
ok 461 - Tests\Unit\Components\Html\FooterTest::testToHtml with data set #5 (1, null, array(), array(), '<footer>1</footer>')
ok 462 - Tests\Unit\Components\Html\FooterTest::testToHtml with data set #6 (null, 1, array(), array(), '<footer id="1"></footer>')
ok 463 - Tests\Unit\Components\Html\FooterTest::testAddAttribute
ok 464 - Tests\Unit\Components\Html\FormTest::testInstantiation with data set #0 ('This is a test', 'test', array(), array())
ok 465 - Tests\Unit\Components\Html\FormTest::testInvalidInstantiation with data set #0 (null, null, 'test', array())
ok 466 - Tests\Unit\Components\Html\FormTest::testInvalidInstantiation with data set #1 (null, null, 1, array())
ok 467 - Tests\Unit\Components\Html\FormTest::testInvalidInstantiation with data set #2 (null, null, true, array())
ok 468 - Tests\Unit\Components\Html\FormTest::testInvalidInstantiation with data set #3 (null, null, array(), 'test')
ok 469 - Tests\Unit\Components\Html\FormTest::testInvalidInstantiation with data set #4 (null, null, array(), 1)
ok 470 - Tests\Unit\Components\Html\FormTest::testInvalidInstantiation with data set #5 (null, null, array(), false)
ok 471 - Tests\Unit\Components\Html\FormTest::testSetContent
ok 472 - Tests\Unit\Components\Html\FormTest::testSetId
ok 473 - Tests\Unit\Components\Html\FormTest::testSetElements with data set #0 (array('Test'), array('Test'))
ok 474 - Tests\Unit\Components\Html\FormTest::testSetElements with data set #1 (array(array('object', 'Head')), array())
ok 475 - Tests\Unit\Components\Html\FormTest::testSetElements with data set #2 (array('Test', array('object', 'Head')), array('Test'))
ok 476 - Tests\Unit\Components\Html\FormTest::testGetElements with data set #0 (array('Test'), array('Test'))
ok 477 - Tests\Unit\Components\Html\FormTest::testGetElements with data set #1 (array(array('object', 'Head')), array())
ok 478 - Tests\Unit\Components\Html\FormTest::testGetElements with data set #2 (array('Test', array('object', 'Head')), array('Test'))
ok 479 - Tests\Unit\Components\Html\FormTest::testAddElements with data set #0 ('Anchor', true)
ok 480 - Tests\Unit\Components\Html\FormTest::testAddElements with data set #1 ('Article', false)
ok 481 - Tests\Unit\Components\Html\FormTest::testAddElements with data set #2 ('Body', false)
ok 482 - Tests\Unit\Components\Html\FormTest::testAddElements with data set #3 ('Div', true)
ok 483 - Tests\Unit\Components\Html\FormTest::testAddElements with data set #4 ('Fieldset', true)
ok 484 - Tests\Unit\Components\Html\FormTest::testAddElements with data set #5 ('Footer', false)
ok 485 - Tests\Unit\Components\Html\FormTest::testAddElements with data set #6 ('Form', false)
ok 486 - Tests\Unit\Components\Html\FormTest::testAddElements with data set #7 ('Button', true)
ok 487 - Tests\Unit\Components\Html\FormTest::testAddElements with data set #8 ('Head', false)
ok 488 - Tests\Unit\Components\Html\FormTest::testAddElements with data set #9 ('Header', false)
ok 489 - Tests\Unit\Components\Html\FormTest::testAddElements with data set #10 ('Heading', true, array(1))
ok 490 - Tests\Unit\Components\Html\FormTest::testAddElements with data set #11 ('HorizontalRule', true)
ok 491 - Tests\Unit\Components\Html\FormTest::testAddElements with data set #12 ('Image', true)
ok 492 - Tests\Unit\Components\Html\FormTest::testAddElements with data set #13 ('Input', true)
ok 493 - Tests\Unit\Components\Html\FormTest::testAddElements with data set #14 ('Link', false)
ok 494 - Tests\Unit\Components\Html\FormTest::testAddElements with data set #15 ('ListItem', false)
ok 495 - Tests\Unit\Components\Html\FormTest::testAddElements with data set #16 ('Meta', false)
ok 496 - Tests\Unit\Components\Html\FormTest::testAddElements with data set #17 ('Option', false)
ok 497 - Tests\Unit\Components\Html\FormTest::testAddElements with data set #18 ('OrderedList', true)
ok 498 - Tests\Unit\Components\Html\FormTest::testAddElements with data set #19 ('PageBreak', false)
ok 499 - Tests\Unit\Components\Html\FormTest::testAddElements with data set #20 ('Paragraph', true)
ok 500 - Tests\Unit\Components\Html\FormTest::testAddElements with data set #21 ('Script', false)
ok 501 - Tests\Unit\Components\Html\FormTest::testAddElements with data set #22 ('Section', false)
ok 502 - Tests\Unit\Components\Html\FormTest::testAddElements with data set #23 ('Select', true)
ok 503 - Tests\Unit\Components\Html\FormTest::testAddElements with data set #24 ('Span', true)
ok 504 - Tests\Unit\Components\Html\FormTest::testAddElements with data set #25 ('Style', false)
ok 505 - Tests\Unit\Components\Html\FormTest::testAddElements with data set #26 ('Table', true)
ok 506 - Tests\Unit\Components\Html\FormTest::testAddElements with data set #27 ('TableBody', false)
ok 507 - Tests\Unit\Components\Html\FormTest::testAddElements with data set #28 ('TableCell', false)
ok 508 - Tests\Unit\Components\Html\FormTest::testAddElements with data set #29 ('TableHeader', false)
ok 509 - Tests\Unit\Components\Html\FormTest::testAddElements with data set #30 ('TableHeading', false)
ok 510 - Tests\Unit\Components\Html\FormTest::testAddElements with data set #31 ('TableRow', false)
ok 511 - Tests\Unit\Components\Html\FormTest::testAddElements with data set #32 ('Title', false)
ok 512 - Tests\Unit\Components\Html\FormTest::testAddElements with data set #33 ('UnorderedList', true)
ok 513 - Tests\Unit\Components\Html\FormTest::testSetAttributes
ok 514 - Tests\Unit\Components\Html\FormTest::testGetAttributes
ok 515 - Tests\Unit\Components\Html\FormTest::testToString with data set #0 (null, null, array(), array('post', '/service', 'multipart/form-data'), 'Form element\n\r    Attribute...m-data')
ok 516 - Tests\Unit\Components\Html\FormTest::testToString with data set #1 ('Test', null, array(), array('post', '/service', 'multipart/form-data'), 'Form element\n\r    Content: ...m-data')
ok 517 - Tests\Unit\Components\Html\FormTest::testToString with data set #2 (null, 'test', array(), array('post', '/service', 'multipart/form-data'), 'Form element\n\r    ID: test\...m-data')
ok 518 - Tests\Unit\Components\Html\FormTest::testToString with data set #3 (null, null, array('PHPUnit is...', 'fun!'), array('post', '/service', 'multipart/form-data'), 'Form element\n\r    Elements:...m-data')
ok 519 - Tests\Unit\Components\Html\FormTest::testToString with data set #4 (null, null, array(), array('test', 'post', '/service', 'multipart/form-data'), 'Form element\n\r    Attribute...m-data')
ok 520 - Tests\Unit\Components\Html\FormTest::testToString with data set #5 (1, null, array(), array('post', '/service', 'multipart/form-data'), 'Form element\n\r    Content: ...m-data')
ok 521 - Tests\Unit\Components\Html\FormTest::testToString with data set #6 (null, 1, array(), array('post', '/service', 'multipart/form-data'), 'Form element\n\r    ID: 1\n\r...m-data')
ok 522 - Tests\Unit\Components\Html\FormTest::testToHtml with data set #0 (null, null, array(), array('post', '/service', 'multipart/form-data'), '<form method="post" action="/.../form>')
ok 523 - Tests\Unit\Components\Html\FormTest::testToHtml with data set #1 ('Test', null, array(), array('post', '/service', 'multipart/form-data'), '<form method="post" action="/.../form>')
ok 524 - Tests\Unit\Components\Html\FormTest::testToHtml with data set #2 (null, 'test', array(), array('post', '/service', 'multipart/form-data'), '<form id="test" method="post".../form>')
ok 525 - Tests\Unit\Components\Html\FormTest::testToHtml with data set #3 (null, null, array('PHPUnit is...', 'fun!'), array('post', '/service', 'multipart/form-data'), '<form method="post" action="/.../form>')
ok 526 - Tests\Unit\Components\Html\FormTest::testToHtml with data set #4 (null, null, array(), array('test', 'post', '/service', 'multipart/form-data'), '<form class="test" method="po.../form>')
ok 527 - Tests\Unit\Components\Html\FormTest::testToHtml with data set #5 (1, null, array(), array('post', '/service', 'multipart/form-data'), '<form method="post" action="/.../form>')
ok 528 - Tests\Unit\Components\Html\FormTest::testToHtml with data set #6 (null, 1, array(), array('post', '/service', 'multipart/form-data'), '<form id="1" method="post" ac.../form>')
ok 529 - Tests\Unit\Components\Html\FormTest::testAddAttribute
ok 530 - Tests\Unit\Components\Html\FormTest::testValidateAttributes
ok 531 - Tests\Unit\Components\Html\HeadTest::testInstantiation with data set #0 ('This is a test', 'test', array(), array())
ok 532 - Tests\Unit\Components\Html\HeadTest::testInvalidInstantiation with data set #0 (null, null, 'test', array())
ok 533 - Tests\Unit\Components\Html\HeadTest::testInvalidInstantiation with data set #1 (null, null, 1, array())
ok 534 - Tests\Unit\Components\Html\HeadTest::testInvalidInstantiation with data set #2 (null, null, true, array())
ok 535 - Tests\Unit\Components\Html\HeadTest::testInvalidInstantiation with data set #3 (null, null, array(), 'test')
ok 536 - Tests\Unit\Components\Html\HeadTest::testInvalidInstantiation with data set #4 (null, null, array(), 1)
ok 537 - Tests\Unit\Components\Html\HeadTest::testInvalidInstantiation with data set #5 (null, null, array(), false)
ok 538 - Tests\Unit\Components\Html\HeadTest::testSetContent
ok 539 - Tests\Unit\Components\Html\HeadTest::testSetId
ok 540 - Tests\Unit\Components\Html\HeadTest::testSetElements with data set #0 (array('Test'), array('Test'))
ok 541 - Tests\Unit\Components\Html\HeadTest::testSetElements with data set #1 (array(array('object', 'Head')), array())
ok 542 - Tests\Unit\Components\Html\HeadTest::testSetElements with data set #2 (array('Test', array('object', 'Head')), array('Test'))
ok 543 - Tests\Unit\Components\Html\HeadTest::testGetElements with data set #0 (array('Test'), array('Test'))
ok 544 - Tests\Unit\Components\Html\HeadTest::testGetElements with data set #1 (array(array('object', 'Head')), array())
ok 545 - Tests\Unit\Components\Html\HeadTest::testGetElements with data set #2 (array('Test', array('object', 'Head')), array('Test'))
ok 546 - Tests\Unit\Components\Html\HeadTest::testAddElements with data set #0 ('Anchor', false)
ok 547 - Tests\Unit\Components\Html\HeadTest::testAddElements with data set #1 ('Article', false)
ok 548 - Tests\Unit\Components\Html\HeadTest::testAddElements with data set #2 ('Body', false)
ok 549 - Tests\Unit\Components\Html\HeadTest::testAddElements with data set #3 ('Div', false)
ok 550 - Tests\Unit\Components\Html\HeadTest::testAddElements with data set #4 ('Fieldset', false)
ok 551 - Tests\Unit\Components\Html\HeadTest::testAddElements with data set #5 ('Footer', false)
ok 552 - Tests\Unit\Components\Html\HeadTest::testAddElements with data set #6 ('Form', false)
ok 553 - Tests\Unit\Components\Html\HeadTest::testAddElements with data set #7 ('Button', false)
ok 554 - Tests\Unit\Components\Html\HeadTest::testAddElements with data set #8 ('Head', false)
ok 555 - Tests\Unit\Components\Html\HeadTest::testAddElements with data set #9 ('Header', false)
ok 556 - Tests\Unit\Components\Html\HeadTest::testAddElements with data set #10 ('Heading', false, array(1))
ok 557 - Tests\Unit\Components\Html\HeadTest::testAddElements with data set #11 ('HorizontalRule', false)
ok 558 - Tests\Unit\Components\Html\HeadTest::testAddElements with data set #12 ('Image', false)
ok 559 - Tests\Unit\Components\Html\HeadTest::testAddElements with data set #13 ('Input', false)
ok 560 - Tests\Unit\Components\Html\HeadTest::testAddElements with data set #14 ('Link', true)
ok 561 - Tests\Unit\Components\Html\HeadTest::testAddElements with data set #15 ('ListItem', false)
ok 562 - Tests\Unit\Components\Html\HeadTest::testAddElements with data set #16 ('Meta', true)
ok 563 - Tests\Unit\Components\Html\HeadTest::testAddElements with data set #17 ('Option', false)
ok 564 - Tests\Unit\Components\Html\HeadTest::testAddElements with data set #18 ('OrderedList', false)
ok 565 - Tests\Unit\Components\Html\HeadTest::testAddElements with data set #19 ('PageBreak', false)
ok 566 - Tests\Unit\Components\Html\HeadTest::testAddElements with data set #20 ('Paragraph', false)
ok 567 - Tests\Unit\Components\Html\HeadTest::testAddElements with data set #21 ('Script', true)
ok 568 - Tests\Unit\Components\Html\HeadTest::testAddElements with data set #22 ('Section', false)
ok 569 - Tests\Unit\Components\Html\HeadTest::testAddElements with data set #23 ('Select', false)
ok 570 - Tests\Unit\Components\Html\HeadTest::testAddElements with data set #24 ('Span', false)
ok 571 - Tests\Unit\Components\Html\HeadTest::testAddElements with data set #25 ('Style', true)
ok 572 - Tests\Unit\Components\Html\HeadTest::testAddElements with data set #26 ('Table', false)
ok 573 - Tests\Unit\Components\Html\HeadTest::testAddElements with data set #27 ('TableBody', false)
ok 574 - Tests\Unit\Components\Html\HeadTest::testAddElements with data set #28 ('TableCell', false)
ok 575 - Tests\Unit\Components\Html\HeadTest::testAddElements with data set #29 ('TableHeader', false)
ok 576 - Tests\Unit\Components\Html\HeadTest::testAddElements with data set #30 ('TableHeading', false)
ok 577 - Tests\Unit\Components\Html\HeadTest::testAddElements with data set #31 ('TableRow', false)
ok 578 - Tests\Unit\Components\Html\HeadTest::testAddElements with data set #32 ('Title', true)
ok 579 - Tests\Unit\Components\Html\HeadTest::testAddElements with data set #33 ('UnorderedList', false)
ok 580 - Tests\Unit\Components\Html\HeadTest::testSetAttributes
ok 581 - Tests\Unit\Components\Html\HeadTest::testGetAttributes
ok 582 - Tests\Unit\Components\Html\HeadTest::testToString with data set #0 (null, null, array(), array(), 'Head element')
ok 583 - Tests\Unit\Components\Html\HeadTest::testToString with data set #1 ('Test', null, array(), array(), 'Head element\n\r    Content: Test')
ok 584 - Tests\Unit\Components\Html\HeadTest::testToString with data set #2 (null, 'test', array(), array(), 'Head element\n\r    ID: test')
ok 585 - Tests\Unit\Components\Html\HeadTest::testToString with data set #3 (null, null, array('PHPUnit is...', 'fun!'), array(), 'Head element\n\r    Elements:.....fun!')
ok 586 - Tests\Unit\Components\Html\HeadTest::testToString with data set #4 (null, null, array(), array('test'), 'Head element\n\r    Attribute...s=test')
ok 587 - Tests\Unit\Components\Html\HeadTest::testToString with data set #5 (1, null, array(), array(), 'Head element\n\r    Content: 1')
ok 588 - Tests\Unit\Components\Html\HeadTest::testToString with data set #6 (null, 1, array(), array(), 'Head element\n\r    ID: 1')
ok 589 - Tests\Unit\Components\Html\HeadTest::testToHtml with data set #0 (null, null, array(), array(), '<head></head>')
ok 590 - Tests\Unit\Components\Html\HeadTest::testToHtml with data set #1 ('Test', null, array(), array(), '<head>Test</head>')
ok 591 - Tests\Unit\Components\Html\HeadTest::testToHtml with data set #2 (null, 'test', array(), array(), '<head id="test"></head>')
ok 592 - Tests\Unit\Components\Html\HeadTest::testToHtml with data set #3 (null, null, array('PHPUnit is...', 'fun!'), array(), '<head>PHPUnit is...fun!</head>')
ok 593 - Tests\Unit\Components\Html\HeadTest::testToHtml with data set #4 (null, null, array(), array('test'), '<head class="test"></head>')
ok 594 - Tests\Unit\Components\Html\HeadTest::testToHtml with data set #5 (1, null, array(), array(), '<head>1</head>')
ok 595 - Tests\Unit\Components\Html\HeadTest::testToHtml with data set #6 (null, 1, array(), array(), '<head id="1"></head>')
ok 596 - Tests\Unit\Components\Html\HeadTest::testAddAttribute
ok 597 - Tests\Unit\Components\Html\HeaderTest::testInstantiation with data set #0 ('This is a test', 'test', array(), array())
ok 598 - Tests\Unit\Components\Html\HeaderTest::testInvalidInstantiation with data set #0 (null, null, 'test', array())
ok 599 - Tests\Unit\Components\Html\HeaderTest::testInvalidInstantiation with data set #1 (null, null, 1, array())
ok 600 - Tests\Unit\Components\Html\HeaderTest::testInvalidInstantiation with data set #2 (null, null, true, array())
ok 601 - Tests\Unit\Components\Html\HeaderTest::testInvalidInstantiation with data set #3 (null, null, array(), 'test')
ok 602 - Tests\Unit\Components\Html\HeaderTest::testInvalidInstantiation with data set #4 (null, null, array(), 1)
ok 603 - Tests\Unit\Components\Html\HeaderTest::testInvalidInstantiation with data set #5 (null, null, array(), false)
ok 604 - Tests\Unit\Components\Html\HeaderTest::testSetContent
ok 605 - Tests\Unit\Components\Html\HeaderTest::testSetId
ok 606 - Tests\Unit\Components\Html\HeaderTest::testSetElements with data set #0 (array('Test'), array('Test'))
ok 607 - Tests\Unit\Components\Html\HeaderTest::testSetElements with data set #1 (array(array('object', 'Head')), array())
ok 608 - Tests\Unit\Components\Html\HeaderTest::testSetElements with data set #2 (array('Test', array('object', 'Head')), array('Test'))
ok 609 - Tests\Unit\Components\Html\HeaderTest::testGetElements with data set #0 (array('Test'), array('Test'))
ok 610 - Tests\Unit\Components\Html\HeaderTest::testGetElements with data set #1 (array(array('object', 'Head')), array())
ok 611 - Tests\Unit\Components\Html\HeaderTest::testGetElements with data set #2 (array('Test', array('object', 'Head')), array('Test'))
ok 612 - Tests\Unit\Components\Html\HeaderTest::testAddElements with data set #0 ('Anchor', true)
ok 613 - Tests\Unit\Components\Html\HeaderTest::testAddElements with data set #1 ('Article', true)
ok 614 - Tests\Unit\Components\Html\HeaderTest::testAddElements with data set #2 ('Body', false)
ok 615 - Tests\Unit\Components\Html\HeaderTest::testAddElements with data set #3 ('Div', true)
ok 616 - Tests\Unit\Components\Html\HeaderTest::testAddElements with data set #4 ('Fieldset', false)
ok 617 - Tests\Unit\Components\Html\HeaderTest::testAddElements with data set #5 ('Footer', false)
ok 618 - Tests\Unit\Components\Html\HeaderTest::testAddElements with data set #6 ('Form', true)
ok 619 - Tests\Unit\Components\Html\HeaderTest::testAddElements with data set #7 ('Button', true)
ok 620 - Tests\Unit\Components\Html\HeaderTest::testAddElements with data set #8 ('Head', false)
ok 621 - Tests\Unit\Components\Html\HeaderTest::testAddElements with data set #9 ('Header', false)
ok 622 - Tests\Unit\Components\Html\HeaderTest::testAddElements with data set #10 ('Heading', true, array(1))
ok 623 - Tests\Unit\Components\Html\HeaderTest::testAddElements with data set #11 ('HorizontalRule', true)
ok 624 - Tests\Unit\Components\Html\HeaderTest::testAddElements with data set #12 ('Image', true)
ok 625 - Tests\Unit\Components\Html\HeaderTest::testAddElements with data set #13 ('Input', false)
ok 626 - Tests\Unit\Components\Html\HeaderTest::testAddElements with data set #14 ('Link', false)
ok 627 - Tests\Unit\Components\Html\HeaderTest::testAddElements with data set #15 ('ListItem', false)
ok 628 - Tests\Unit\Components\Html\HeaderTest::testAddElements with data set #16 ('Meta', false)
ok 629 - Tests\Unit\Components\Html\HeaderTest::testAddElements with data set #17 ('Option', false)
ok 630 - Tests\Unit\Components\Html\HeaderTest::testAddElements with data set #18 ('OrderedList', true)
ok 631 - Tests\Unit\Components\Html\HeaderTest::testAddElements with data set #19 ('PageBreak', false)
ok 632 - Tests\Unit\Components\Html\HeaderTest::testAddElements with data set #20 ('Paragraph', true)
ok 633 - Tests\Unit\Components\Html\HeaderTest::testAddElements with data set #21 ('Script', false)
ok 634 - Tests\Unit\Components\Html\HeaderTest::testAddElements with data set #22 ('Section', true)
ok 635 - Tests\Unit\Components\Html\HeaderTest::testAddElements with data set #23 ('Select', false)
ok 636 - Tests\Unit\Components\Html\HeaderTest::testAddElements with data set #24 ('Span', true)
ok 637 - Tests\Unit\Components\Html\HeaderTest::testAddElements with data set #25 ('Style', false)
ok 638 - Tests\Unit\Components\Html\HeaderTest::testAddElements with data set #26 ('Table', true)
ok 639 - Tests\Unit\Components\Html\HeaderTest::testAddElements with data set #27 ('TableBody', false)
ok 640 - Tests\Unit\Components\Html\HeaderTest::testAddElements with data set #28 ('TableCell', false)
ok 641 - Tests\Unit\Components\Html\HeaderTest::testAddElements with data set #29 ('TableHeader', false)
ok 642 - Tests\Unit\Components\Html\HeaderTest::testAddElements with data set #30 ('TableHeading', false)
ok 643 - Tests\Unit\Components\Html\HeaderTest::testAddElements with data set #31 ('TableRow', false)
ok 644 - Tests\Unit\Components\Html\HeaderTest::testAddElements with data set #32 ('Title', false)
ok 645 - Tests\Unit\Components\Html\HeaderTest::testAddElements with data set #33 ('UnorderedList', true)
ok 646 - Tests\Unit\Components\Html\HeaderTest::testSetAttributes
ok 647 - Tests\Unit\Components\Html\HeaderTest::testGetAttributes
ok 648 - Tests\Unit\Components\Html\HeaderTest::testToString with data set #0 (null, null, array(), array(), 'Header element')
ok 649 - Tests\Unit\Components\Html\HeaderTest::testToString with data set #1 ('Test', null, array(), array(), 'Header element\n\r    Content: Test')
ok 650 - Tests\Unit\Components\Html\HeaderTest::testToString with data set #2 (null, 'test', array(), array(), 'Header element\n\r    ID: test')
ok 651 - Tests\Unit\Components\Html\HeaderTest::testToString with data set #3 (null, null, array('PHPUnit is...', 'fun!'), array(), 'Header element\n\r    Element.....fun!')
ok 652 - Tests\Unit\Components\Html\HeaderTest::testToString with data set #4 (null, null, array(), array('test'), 'Header element\n\r    Attribu...s=test')
ok 653 - Tests\Unit\Components\Html\HeaderTest::testToString with data set #5 (1, null, array(), array(), 'Header element\n\r    Content: 1')
ok 654 - Tests\Unit\Components\Html\HeaderTest::testToString with data set #6 (null, 1, array(), array(), 'Header element\n\r    ID: 1')
ok 655 - Tests\Unit\Components\Html\HeaderTest::testToHtml with data set #0 (null, null, array(), array(), '<header></header>')
ok 656 - Tests\Unit\Components\Html\HeaderTest::testToHtml with data set #1 ('Test', null, array(), array(), '<header>Test</header>')
ok 657 - Tests\Unit\Components\Html\HeaderTest::testToHtml with data set #2 (null, 'test', array(), array(), '<header id="test"></header>')
ok 658 - Tests\Unit\Components\Html\HeaderTest::testToHtml with data set #3 (null, null, array('PHPUnit is...', 'fun!'), array(), '<header>PHPUnit is...fun!</header>')
ok 659 - Tests\Unit\Components\Html\HeaderTest::testToHtml with data set #4 (null, null, array(), array('test'), '<header class="test"></header>')
ok 660 - Tests\Unit\Components\Html\HeaderTest::testToHtml with data set #5 (1, null, array(), array(), '<header>1</header>')
ok 661 - Tests\Unit\Components\Html\HeaderTest::testToHtml with data set #6 (null, 1, array(), array(), '<header id="1"></header>')
ok 662 - Tests\Unit\Components\Html\HeaderTest::testAddAttribute
ok 663 - Tests\Unit\Components\Html\HeadingTest::testInstantiation with data set #0 ('This is a test', 'test', array(), array())
ok 664 - Tests\Unit\Components\Html\HeadingTest::testInvalidInstantiation with data set #0 (null, null, 'test', array())
ok 665 - Tests\Unit\Components\Html\HeadingTest::testInvalidInstantiation with data set #1 (null, null, 1, array())
ok 666 - Tests\Unit\Components\Html\HeadingTest::testInvalidInstantiation with data set #2 (null, null, true, array())
ok 667 - Tests\Unit\Components\Html\HeadingTest::testInvalidInstantiation with data set #3 (null, null, array(), 'test')
ok 668 - Tests\Unit\Components\Html\HeadingTest::testInvalidInstantiation with data set #4 (null, null, array(), 1)
ok 669 - Tests\Unit\Components\Html\HeadingTest::testInvalidInstantiation with data set #5 (null, null, array(), false)
ok 670 - Tests\Unit\Components\Html\HeadingTest::testSetContent
ok 671 - Tests\Unit\Components\Html\HeadingTest::testSetId
ok 672 - Tests\Unit\Components\Html\HeadingTest::testSetElements with data set #0 (array('Test'), array('Test'))
ok 673 - Tests\Unit\Components\Html\HeadingTest::testSetElements with data set #1 (array(array('object', 'Head')), array())
ok 674 - Tests\Unit\Components\Html\HeadingTest::testSetElements with data set #2 (array('Test', array('object', 'Head')), array('Test'))
ok 675 - Tests\Unit\Components\Html\HeadingTest::testGetElements with data set #0 (array('Test'), array('Test'))
ok 676 - Tests\Unit\Components\Html\HeadingTest::testGetElements with data set #1 (array(array('object', 'Head')), array())
ok 677 - Tests\Unit\Components\Html\HeadingTest::testGetElements with data set #2 (array('Test', array('object', 'Head')), array('Test'))
ok 678 - Tests\Unit\Components\Html\HeadingTest::testAddElements with data set #0 ('Anchor', true)
ok 679 - Tests\Unit\Components\Html\HeadingTest::testAddElements with data set #1 ('Article', false)
ok 680 - Tests\Unit\Components\Html\HeadingTest::testAddElements with data set #2 ('Body', false)
ok 681 - Tests\Unit\Components\Html\HeadingTest::testAddElements with data set #3 ('Div', false)
ok 682 - Tests\Unit\Components\Html\HeadingTest::testAddElements with data set #4 ('Fieldset', false)
ok 683 - Tests\Unit\Components\Html\HeadingTest::testAddElements with data set #5 ('Footer', false)
ok 684 - Tests\Unit\Components\Html\HeadingTest::testAddElements with data set #6 ('Form', false)
ok 685 - Tests\Unit\Components\Html\HeadingTest::testAddElements with data set #7 ('Button', false)
ok 686 - Tests\Unit\Components\Html\HeadingTest::testAddElements with data set #8 ('Head', false)
ok 687 - Tests\Unit\Components\Html\HeadingTest::testAddElements with data set #9 ('Header', false)
ok 688 - Tests\Unit\Components\Html\HeadingTest::testAddElements with data set #10 ('Heading', false, array(1))
ok 689 - Tests\Unit\Components\Html\HeadingTest::testAddElements with data set #11 ('HorizontalRule', false)
ok 690 - Tests\Unit\Components\Html\HeadingTest::testAddElements with data set #12 ('Image', true)
ok 691 - Tests\Unit\Components\Html\HeadingTest::testAddElements with data set #13 ('Input', false)
ok 692 - Tests\Unit\Components\Html\HeadingTest::testAddElements with data set #14 ('Link', false)
ok 693 - Tests\Unit\Components\Html\HeadingTest::testAddElements with data set #15 ('ListItem', false)
ok 694 - Tests\Unit\Components\Html\HeadingTest::testAddElements with data set #16 ('Meta', false)
ok 695 - Tests\Unit\Components\Html\HeadingTest::testAddElements with data set #17 ('Option', false)
ok 696 - Tests\Unit\Components\Html\HeadingTest::testAddElements with data set #18 ('OrderedList', false)
ok 697 - Tests\Unit\Components\Html\HeadingTest::testAddElements with data set #19 ('PageBreak', true)
ok 698 - Tests\Unit\Components\Html\HeadingTest::testAddElements with data set #20 ('Paragraph', false)
ok 699 - Tests\Unit\Components\Html\HeadingTest::testAddElements with data set #21 ('Script', false)
ok 700 - Tests\Unit\Components\Html\HeadingTest::testAddElements with data set #22 ('Section', false)
ok 701 - Tests\Unit\Components\Html\HeadingTest::testAddElements with data set #23 ('Select', false)
ok 702 - Tests\Unit\Components\Html\HeadingTest::testAddElements with data set #24 ('Span', true)
ok 703 - Tests\Unit\Components\Html\HeadingTest::testAddElements with data set #25 ('Style', false)
ok 704 - Tests\Unit\Components\Html\HeadingTest::testAddElements with data set #26 ('Table', false)
ok 705 - Tests\Unit\Components\Html\HeadingTest::testAddElements with data set #27 ('TableBody', false)
ok 706 - Tests\Unit\Components\Html\HeadingTest::testAddElements with data set #28 ('TableCell', false)
ok 707 - Tests\Unit\Components\Html\HeadingTest::testAddElements with data set #29 ('TableHeader', false)
ok 708 - Tests\Unit\Components\Html\HeadingTest::testAddElements with data set #30 ('TableHeading', false)
ok 709 - Tests\Unit\Components\Html\HeadingTest::testAddElements with data set #31 ('TableRow', false)
ok 710 - Tests\Unit\Components\Html\HeadingTest::testAddElements with data set #32 ('Title', false)
ok 711 - Tests\Unit\Components\Html\HeadingTest::testAddElements with data set #33 ('UnorderedList', false)
ok 712 - Tests\Unit\Components\Html\HeadingTest::testSetAttributes
ok 713 - Tests\Unit\Components\Html\HeadingTest::testGetAttributes
ok 714 - Tests\Unit\Components\Html\HeadingTest::testToString with data set #0 (null, null, array(), array(), 'Heading element')
ok 715 - Tests\Unit\Components\Html\HeadingTest::testToString with data set #1 ('Test', null, array(), array(), 'Heading element\n\r    Content: Test')
ok 716 - Tests\Unit\Components\Html\HeadingTest::testToString with data set #2 (null, 'test', array(), array(), 'Heading element\n\r    ID: test')
ok 717 - Tests\Unit\Components\Html\HeadingTest::testToString with data set #3 (null, null, array('PHPUnit is...', 'fun!'), array(), 'Heading element\n\r    Elemen.....fun!')
ok 718 - Tests\Unit\Components\Html\HeadingTest::testToString with data set #4 (null, null, array(), array('test'), 'Heading element\n\r    Attrib...s=test')
ok 719 - Tests\Unit\Components\Html\HeadingTest::testToString with data set #5 (1, null, array(), array(), 'Heading element\n\r    Content: 1')
ok 720 - Tests\Unit\Components\Html\HeadingTest::testToString with data set #6 (null, 1, array(), array(), 'Heading element\n\r    ID: 1')
ok 721 - Tests\Unit\Components\Html\HeadingTest::testToHtml with data set #0 (null, null, array(), array(), '<h1></h1>')
ok 722 - Tests\Unit\Components\Html\HeadingTest::testToHtml with data set #1 ('Test', null, array(), array(), '<h1>Test</h1>')
ok 723 - Tests\Unit\Components\Html\HeadingTest::testToHtml with data set #2 (null, 'test', array(), array(), '<h1 id="test"></h1>')
ok 724 - Tests\Unit\Components\Html\HeadingTest::testToHtml with data set #3 (null, null, array('PHPUnit is...', 'fun!'), array(), '<h1>PHPUnit is...fun!</h1>')
ok 725 - Tests\Unit\Components\Html\HeadingTest::testToHtml with data set #4 (null, null, array(), array('test'), '<h1 class="test"></h1>')
ok 726 - Tests\Unit\Components\Html\HeadingTest::testToHtml with data set #5 (1, null, array(), array(), '<h1>1</h1>')
ok 727 - Tests\Unit\Components\Html\HeadingTest::testToHtml with data set #6 (null, 1, array(), array(), '<h1 id="1"></h1>')
ok 728 - Tests\Unit\Components\Html\HeadingTest::testAddAttribute
ok 729 - Tests\Unit\Components\Html\ParagraphTest::testInstantiation with data set #0 ('This is a test', 'test', array(), array())
ok 730 - Tests\Unit\Components\Html\ParagraphTest::testInvalidInstantiation with data set #0 (null, null, 'test', array())
ok 731 - Tests\Unit\Components\Html\ParagraphTest::testInvalidInstantiation with data set #1 (null, null, 1, array())
ok 732 - Tests\Unit\Components\Html\ParagraphTest::testInvalidInstantiation with data set #2 (null, null, true, array())
ok 733 - Tests\Unit\Components\Html\ParagraphTest::testInvalidInstantiation with data set #3 (null, null, array(), 'test')
ok 734 - Tests\Unit\Components\Html\ParagraphTest::testInvalidInstantiation with data set #4 (null, null, array(), 1)
ok 735 - Tests\Unit\Components\Html\ParagraphTest::testInvalidInstantiation with data set #5 (null, null, array(), false)
ok 736 - Tests\Unit\Components\Html\ParagraphTest::testSetContent
ok 737 - Tests\Unit\Components\Html\ParagraphTest::testSetId
ok 738 - Tests\Unit\Components\Html\ParagraphTest::testSetElements with data set #0 (array('Test'), array('Test'))
ok 739 - Tests\Unit\Components\Html\ParagraphTest::testSetElements with data set #1 (array(array('object', 'Head')), array())
ok 740 - Tests\Unit\Components\Html\ParagraphTest::testSetElements with data set #2 (array('Test', array('object', 'Head')), array('Test'))
ok 741 - Tests\Unit\Components\Html\ParagraphTest::testGetElements with data set #0 (array('Test'), array('Test'))
ok 742 - Tests\Unit\Components\Html\ParagraphTest::testGetElements with data set #1 (array(array('object', 'Head')), array())
ok 743 - Tests\Unit\Components\Html\ParagraphTest::testGetElements with data set #2 (array('Test', array('object', 'Head')), array('Test'))
ok 744 - Tests\Unit\Components\Html\ParagraphTest::testAddElements with data set #0 ('Anchor', true)
ok 745 - Tests\Unit\Components\Html\ParagraphTest::testAddElements with data set #1 ('Article', false)
ok 746 - Tests\Unit\Components\Html\ParagraphTest::testAddElements with data set #2 ('Body', false)
ok 747 - Tests\Unit\Components\Html\ParagraphTest::testAddElements with data set #3 ('Div', false)
ok 748 - Tests\Unit\Components\Html\ParagraphTest::testAddElements with data set #4 ('Fieldset', false)
ok 749 - Tests\Unit\Components\Html\ParagraphTest::testAddElements with data set #5 ('Footer', false)
ok 750 - Tests\Unit\Components\Html\ParagraphTest::testAddElements with data set #6 ('Form', false)
ok 751 - Tests\Unit\Components\Html\ParagraphTest::testAddElements with data set #7 ('Button', false)
ok 752 - Tests\Unit\Components\Html\ParagraphTest::testAddElements with data set #8 ('Head', false)
ok 753 - Tests\Unit\Components\Html\ParagraphTest::testAddElements with data set #9 ('Header', false)
ok 754 - Tests\Unit\Components\Html\ParagraphTest::testAddElements with data set #10 ('Heading', false, array(1))
ok 755 - Tests\Unit\Components\Html\ParagraphTest::testAddElements with data set #11 ('HorizontalRule', false)
ok 756 - Tests\Unit\Components\Html\ParagraphTest::testAddElements with data set #12 ('Image', true)
ok 757 - Tests\Unit\Components\Html\ParagraphTest::testAddElements with data set #13 ('Input', false)
ok 758 - Tests\Unit\Components\Html\ParagraphTest::testAddElements with data set #14 ('Link', false)
ok 759 - Tests\Unit\Components\Html\ParagraphTest::testAddElements with data set #15 ('ListItem', false)
ok 760 - Tests\Unit\Components\Html\ParagraphTest::testAddElements with data set #16 ('Meta', false)
ok 761 - Tests\Unit\Components\Html\ParagraphTest::testAddElements with data set #17 ('Option', false)
ok 762 - Tests\Unit\Components\Html\ParagraphTest::testAddElements with data set #18 ('OrderedList', false)
ok 763 - Tests\Unit\Components\Html\ParagraphTest::testAddElements with data set #19 ('PageBreak', true)
ok 764 - Tests\Unit\Components\Html\ParagraphTest::testAddElements with data set #20 ('Paragraph', false)
ok 765 - Tests\Unit\Components\Html\ParagraphTest::testAddElements with data set #21 ('Script', false)
ok 766 - Tests\Unit\Components\Html\ParagraphTest::testAddElements with data set #22 ('Section', false)
ok 767 - Tests\Unit\Components\Html\ParagraphTest::testAddElements with data set #23 ('Select', false)
ok 768 - Tests\Unit\Components\Html\ParagraphTest::testAddElements with data set #24 ('Span', true)
ok 769 - Tests\Unit\Components\Html\ParagraphTest::testAddElements with data set #25 ('Style', false)
ok 770 - Tests\Unit\Components\Html\ParagraphTest::testAddElements with data set #26 ('Table', false)
ok 771 - Tests\Unit\Components\Html\ParagraphTest::testAddElements with data set #27 ('TableBody', false)
ok 772 - Tests\Unit\Components\Html\ParagraphTest::testAddElements with data set #28 ('TableCell', false)
ok 773 - Tests\Unit\Components\Html\ParagraphTest::testAddElements with data set #29 ('TableHeader', false)
ok 774 - Tests\Unit\Components\Html\ParagraphTest::testAddElements with data set #30 ('TableHeading', false)
ok 775 - Tests\Unit\Components\Html\ParagraphTest::testAddElements with data set #31 ('TableRow', false)
ok 776 - Tests\Unit\Components\Html\ParagraphTest::testAddElements with data set #32 ('Title', false)
ok 777 - Tests\Unit\Components\Html\ParagraphTest::testAddElements with data set #33 ('UnorderedList', false)
ok 778 - Tests\Unit\Components\Html\ParagraphTest::testSetAttributes
ok 779 - Tests\Unit\Components\Html\ParagraphTest::testGetAttributes
ok 780 - Tests\Unit\Components\Html\ParagraphTest::testToString with data set #0 (null, null, array(), array(), 'Paragraph element')
ok 781 - Tests\Unit\Components\Html\ParagraphTest::testToString with data set #1 ('Test', null, array(), array(), 'Paragraph element\n\r    Content: Test')
ok 782 - Tests\Unit\Components\Html\ParagraphTest::testToString with data set #2 (null, 'test', array(), array(), 'Paragraph element\n\r    ID: test')
ok 783 - Tests\Unit\Components\Html\ParagraphTest::testToString with data set #3 (null, null, array('PHPUnit is...', 'fun!'), array(), 'Paragraph element\n\r    Elem.....fun!')
ok 784 - Tests\Unit\Components\Html\ParagraphTest::testToString with data set #4 (null, null, array(), array('test'), 'Paragraph element\n\r    Attr...s=test')
ok 785 - Tests\Unit\Components\Html\ParagraphTest::testToString with data set #5 (1, null, array(), array(), 'Paragraph element\n\r    Content: 1')
ok 786 - Tests\Unit\Components\Html\ParagraphTest::testToString with data set #6 (null, 1, array(), array(), 'Paragraph element\n\r    ID: 1')
ok 787 - Tests\Unit\Components\Html\ParagraphTest::testToHtml with data set #0 (null, null, array(), array(), '<p></p>')
ok 788 - Tests\Unit\Components\Html\ParagraphTest::testToHtml with data set #1 ('Test', null, array(), array(), '<p>Test</p>')
ok 789 - Tests\Unit\Components\Html\ParagraphTest::testToHtml with data set #2 (null, 'test', array(), array(), '<p id="test"></p>')
ok 790 - Tests\Unit\Components\Html\ParagraphTest::testToHtml with data set #3 (null, null, array('PHPUnit is...', 'fun!'), array(), '<p>PHPUnit is...fun!</p>')
ok 791 - Tests\Unit\Components\Html\ParagraphTest::testToHtml with data set #4 (null, null, array(), array('test'), '<p class="test"></p>')
ok 792 - Tests\Unit\Components\Html\ParagraphTest::testToHtml with data set #5 (1, null, array(), array(), '<p>1</p>')
ok 793 - Tests\Unit\Components\Html\ParagraphTest::testToHtml with data set #6 (null, 1, array(), array(), '<p id="1"></p>')
ok 794 - Tests\Unit\Components\Html\ParagraphTest::testAddAttribute
ok 795 - N8G\Grass\BootstrapTest::testRun
ok 796 - N8G\Grass\BootstrapTest::testTearDown
ok 797 - N8G\Grass\BootstrapTest::testCheckSiteSetup
ok 798 - N8G\Grass\BootstrapTest::testErrorHandler with data set #0 (1, 1, 'ERROR', 'error', 'Error handler test!', 'tests/src/BootstrapTests.php', 1, null)
ok 799 - N8G\Grass\BootstrapTest::testErrorHandler with data set #1 (2, 2, 'WARNING', 'warn', 'Error handler test!', 'tests/src/BootstrapTests.php', 1, null)
ok 800 - N8G\Grass\BootstrapTest::testErrorHandler with data set #2 (4, 4, 'PARSE', 'fatal', 'Error handler test!', 'tests/src/BootstrapTests.php', 1, null)
ok 801 - N8G\Grass\BootstrapTest::testErrorHandler with data set #3 (8, 8, 'NOTICE', 'warn', 'Error handler test!', 'tests/src/BootstrapTests.php', 1, null)
ok 802 - N8G\Grass\BootstrapTest::testErrorHandler with data set #4 (16, 16, 'CORE ERROR', 'fatal', 'Error handler test!', 'tests/src/BootstrapTests.php', 1, null)
ok 803 - N8G\Grass\BootstrapTest::testErrorHandler with data set #5 (32, 32, 'CORE WARNING', 'warn', 'Error handler test!', 'tests/src/BootstrapTests.php', 1, null)
ok 804 - N8G\Grass\BootstrapTest::testErrorHandler with data set #6 (64, 64, 'COMPILE ERROR', 'fatal', 'Error handler test!', 'tests/src/BootstrapTests.php', 1, null)
ok 805 - N8G\Grass\BootstrapTest::testErrorHandler with data set #7 (128, 128, 'COMPILE WARNING', 'warn', 'Error handler test!', 'tests/src/BootstrapTests.php', 1, null)
ok 806 - N8G\Grass\BootstrapTest::testErrorHandler with data set #8 (256, 256, 'USER ERROR', 'error', 'Error handler test!', 'tests/src/BootstrapTests.php', 1, null)
ok 807 - N8G\Grass\BootstrapTest::testErrorHandler with data set #9 (512, 512, 'USER WARNING', 'warn', 'Error handler test!', 'tests/src/BootstrapTests.php', 1, null)
ok 808 - N8G\Grass\BootstrapTest::testErrorHandler with data set #10 (1024, 1024, 'USER NOTICE', 'warn', 'Error handler test!', 'tests/src/BootstrapTests.php', 1, null)
ok 809 - N8G\Grass\BootstrapTest::testErrorHandler with data set #11 (2048, 2048, 'STRICT', 'warn', 'Error handler test!', 'tests/src/BootstrapTests.php', 1, null)
ok 810 - N8G\Grass\BootstrapTest::testErrorHandler with data set #12 (4096, 4096, 'RECOVERABLE', 'error', 'Error handler test!', 'tests/src/BootstrapTests.php', 1, null)
ok 811 - N8G\Grass\BootstrapTest::testErrorHandler with data set #13 (8192, 8192, 'DEPRECATED', 'error', 'Error handler test!', 'tests/src/BootstrapTests.php', 1, null)
ok 812 - N8G\Grass\BootstrapTest::testErrorHandler with data set #14 (16384, 16384, 'USER DEPRECATED', 'error', 'Error handler test!', 'tests/src/BootstrapTests.php', 1, null)
ok 813 - N8G\Grass\BootstrapTest::testErrorHandler with data set #15 (0, 'default', 'UNKNOWN (0)', 'error', 'Error handler test!', 'tests/src/BootstrapTests.php', 1, null)
ok 814 - N8G\Grass\BootstrapTest::testGetMethod with data set #0 (1, 1, 'ERROR', 'error', 'Error handler test!', 'tests/src/BootstrapTests.php', 1, null)
ok 815 - N8G\Grass\BootstrapTest::testGetMethod with data set #1 (2, 2, 'WARNING', 'warn', 'Error handler test!', 'tests/src/BootstrapTests.php', 1, null)
ok 816 - N8G\Grass\BootstrapTest::testGetMethod with data set #2 (4, 4, 'PARSE', 'fatal', 'Error handler test!', 'tests/src/BootstrapTests.php', 1, null)
ok 817 - N8G\Grass\BootstrapTest::testGetMethod with data set #3 (8, 8, 'NOTICE', 'warn', 'Error handler test!', 'tests/src/BootstrapTests.php', 1, null)
ok 818 - N8G\Grass\BootstrapTest::testGetMethod with data set #4 (16, 16, 'CORE ERROR', 'fatal', 'Error handler test!', 'tests/src/BootstrapTests.php', 1, null)
ok 819 - N8G\Grass\BootstrapTest::testGetMethod with data set #5 (32, 32, 'CORE WARNING', 'warn', 'Error handler test!', 'tests/src/BootstrapTests.php', 1, null)
ok 820 - N8G\Grass\BootstrapTest::testGetMethod with data set #6 (64, 64, 'COMPILE ERROR', 'fatal', 'Error handler test!', 'tests/src/BootstrapTests.php', 1, null)
ok 821 - N8G\Grass\BootstrapTest::testGetMethod with data set #7 (128, 128, 'COMPILE WARNING', 'warn', 'Error handler test!', 'tests/src/BootstrapTests.php', 1, null)
ok 822 - N8G\Grass\BootstrapTest::testGetMethod with data set #8 (256, 256, 'USER ERROR', 'error', 'Error handler test!', 'tests/src/BootstrapTests.php', 1, null)
ok 823 - N8G\Grass\BootstrapTest::testGetMethod with data set #9 (512, 512, 'USER WARNING', 'warn', 'Error handler test!', 'tests/src/BootstrapTests.php', 1, null)
ok 824 - N8G\Grass\BootstrapTest::testGetMethod with data set #10 (1024, 1024, 'USER NOTICE', 'warn', 'Error handler test!', 'tests/src/BootstrapTests.php', 1, null)
ok 825 - N8G\Grass\BootstrapTest::testGetMethod with data set #11 (2048, 2048, 'STRICT', 'warn', 'Error handler test!', 'tests/src/BootstrapTests.php', 1, null)
ok 826 - N8G\Grass\BootstrapTest::testGetMethod with data set #12 (4096, 4096, 'RECOVERABLE', 'error', 'Error handler test!', 'tests/src/BootstrapTests.php', 1, null)
ok 827 - N8G\Grass\BootstrapTest::testGetMethod with data set #13 (8192, 8192, 'DEPRECATED', 'error', 'Error handler test!', 'tests/src/BootstrapTests.php', 1, null)
ok 828 - N8G\Grass\BootstrapTest::testGetMethod with data set #14 (16384, 16384, 'USER DEPRECATED', 'error', 'Error handler test!', 'tests/src/BootstrapTests.php', 1, null)
ok 829 - N8G\Grass\BootstrapTest::testGetMethod with data set #15 (0, 'default', 'UNKNOWN (0)', 'error', 'Error handler test!', 'tests/src/BootstrapTests.php', 1, null)
ok 830 - N8G\Grass\BootstrapTest::testGetType with data set #0 (1, 1, 'ERROR', 'error', 'Error handler test!', 'tests/src/BootstrapTests.php', 1, null)
ok 831 - N8G\Grass\BootstrapTest::testGetType with data set #1 (2, 2, 'WARNING', 'warn', 'Error handler test!', 'tests/src/BootstrapTests.php', 1, null)
ok 832 - N8G\Grass\BootstrapTest::testGetType with data set #2 (4, 4, 'PARSE', 'fatal', 'Error handler test!', 'tests/src/BootstrapTests.php', 1, null)
ok 833 - N8G\Grass\BootstrapTest::testGetType with data set #3 (8, 8, 'NOTICE', 'warn', 'Error handler test!', 'tests/src/BootstrapTests.php', 1, null)
ok 834 - N8G\Grass\BootstrapTest::testGetType with data set #4 (16, 16, 'CORE ERROR', 'fatal', 'Error handler test!', 'tests/src/BootstrapTests.php', 1, null)
ok 835 - N8G\Grass\BootstrapTest::testGetType with data set #5 (32, 32, 'CORE WARNING', 'warn', 'Error handler test!', 'tests/src/BootstrapTests.php', 1, null)
ok 836 - N8G\Grass\BootstrapTest::testGetType with data set #6 (64, 64, 'COMPILE ERROR', 'fatal', 'Error handler test!', 'tests/src/BootstrapTests.php', 1, null)
ok 837 - N8G\Grass\BootstrapTest::testGetType with data set #7 (128, 128, 'COMPILE WARNING', 'warn', 'Error handler test!', 'tests/src/BootstrapTests.php', 1, null)
ok 838 - N8G\Grass\BootstrapTest::testGetType with data set #8 (256, 256, 'USER ERROR', 'error', 'Error handler test!', 'tests/src/BootstrapTests.php', 1, null)
ok 839 - N8G\Grass\BootstrapTest::testGetType with data set #9 (512, 512, 'USER WARNING', 'warn', 'Error handler test!', 'tests/src/BootstrapTests.php', 1, null)
ok 840 - N8G\Grass\BootstrapTest::testGetType with data set #10 (1024, 1024, 'USER NOTICE', 'warn', 'Error handler test!', 'tests/src/BootstrapTests.php', 1, null)
ok 841 - N8G\Grass\BootstrapTest::testGetType with data set #11 (2048, 2048, 'STRICT', 'warn', 'Error handler test!', 'tests/src/BootstrapTests.php', 1, null)
ok 842 - N8G\Grass\BootstrapTest::testGetType with data set #12 (4096, 4096, 'RECOVERABLE', 'error', 'Error handler test!', 'tests/src/BootstrapTests.php', 1, null)
ok 843 - N8G\Grass\BootstrapTest::testGetType with data set #13 (8192, 8192, 'DEPRECATED', 'error', 'Error handler test!', 'tests/src/BootstrapTests.php', 1, null)
ok 844 - N8G\Grass\BootstrapTest::testGetType with data set #14 (16384, 16384, 'USER DEPRECATED', 'error', 'Error handler test!', 'tests/src/BootstrapTests.php', 1, null)
ok 845 - N8G\Grass\BootstrapTest::testGetType with data set #15 (0, 'default', 'UNKNOWN (0)', 'error', 'Error handler test!', 'tests/src/BootstrapTests.php', 1, null)
1..845
